./complement.tex:22-22: LaTeX warning:
	Citation `FosterThesis' on page 7 undefined on input line 22.
./complement.tex:22-25: LaTeX warning:
	Citation `DBLP:conf/icmt/CzarneckiFHLST09' on page 7 undefined on input line 22.
./complement.tex:25-29: LaTeX warning:
	Citation `augeas' on page 7 undefined on input line 25.
./complement.tex:29-35: LaTeX warning:
	Citation `Focal2005-shortcite' on page 7 undefined on input line 29.
./complement.tex:35-35: LaTeX warning:
	Citation `Boomerang07' on page 7 undefined on input line 35.
./complement.tex:35-35: LaTeX warning:
	Citation `QuotientLenses08' on page 7 undefined on input line 35.
./complement.tex:35-35: LaTeX warning:
	Citation `updatable-security-views' on page 7 undefined on input line 35.
./complement.tex:35-39: LaTeX warning:
	Citation `Matching10' on page 7 undefined on input line 35.
./complement.tex:39-39: LaTeX warning:
	Citation `Focal2005-shortcite' on page 7 undefined on input line 39.
./complement.tex:39-39: LaTeX warning:
	Citation `Hu04' on page 7 undefined on input line 39.
./complement.tex:39-39: LaTeX warning:
	Citation `MuAlgebraic2004' on page 7 undefined on input line 39.
./complement.tex:39-40: LaTeX warning:
	Citation `HuXQuery08' on page 7 undefined on input line 39.
./complement.tex:40-40: LaTeX warning:
	Citation `BohannonPierceVaughan' on page 7 undefined on input line 40.
./complement.tex:40-45: LaTeX warning:
	Citation `Hidaka10' on page 7 undefined on input line 40.
./complement.tex:45-45: LaTeX warning:
	Citation `Stevens07' on page 7 undefined on input line 45.
./complement.tex:45-45: LaTeX warning:
	Citation `HuModels07' on page 7 undefined on input line 45.
./complement.tex:45-45: LaTeX warning:
	Citation `stevens2008lbm' on page 7 undefined on input line 45.
./complement.tex:45-45: LaTeX warning:
	Citation `DBLP:conf/models/Diskin08' on page 7 undefined on input line 45.
./complement.tex:45-45: LaTeX warning:
	Citation `diskin2008algebraic' on page 7 undefined on input line 45.
./complement.tex:45-45: LaTeX warning:
	Citation `diskin2009model' on page 7 undefined on input line 45.
./complement.tex:45-45: LaTeX warning:
	Citation `hidaka2009compositional' on page 7 undefined on input line 45.
./complement.tex:45-65: LaTeX warning:
	Citation `hidaka2009towards' on page 7 undefined on input line 45.
./complement.tex:65-65: LaTeX warning:
	Citation `Meertens98' on page 7 undefined on input line 65.
./complement.tex:65-65: LaTeX warning:
	Citation `stevens2008tat' on page 7 undefined on input line 65.
./complement.tex:65-90: LaTeX warning:
	Citation `DBLP:conf/models/Diskin08' on page 7 undefined on input line 65.
./complement.tex:90-91: LaTeX warning:
	Citation `Boomerang07' on page 8 undefined on input line 90.
./complement.tex:91-128: LaTeX warning:
	Citation `Focal2005-shortcite' on page 8 undefined on input line 91.
./complement.tex:128-210: LaTeX warning:
	Citation `1195941' on page 9 undefined on input line 128.
./complement.tex:210-211: LaTeX warning:
	Citation `DBLP:journals/tods/BancilhonS81' on page 11 undefined on input line 210.
./complement.tex:211-212: LaTeX warning:
	Citation `Matching10' on page 11 undefined on input line 211.
./complement.tex:212-735: LaTeX warning:
	Citation `matsuda2007btb' on page 11 undefined on input line 212.
./complement.tex:735-735: LaTeX warning:
	Citation `Boomerang07' on page 22 undefined on input line 735.
./complement.tex:735-747: LaTeX warning:
	Citation `Matching10' on page 22 undefined on input line 735.
./complement.tex:747-914: LaTeX warning:
	Citation `Matching10' on page 22 undefined on input line 747.
./complement.tex:1743-1783: LaTeX warning:
	Citation `AbrTze09' on page 47 undefined on input line 1743.
./complement.tex:2028-2038: LaTeX warning:
	Citation `Focal2005-shortcite' on page 55 undefined on input line 2028.
./complement.tex:3054-3054: LaTeX warning:
	Citation `Focal2005-shortcite' on page 82 undefined on input line 3054.
./complement.tex:3054-3073: LaTeX warning:
	Citation `Boomerang07' on page 82 undefined on input line 3054.
./complement.tex:3132-3220: LaTeX warning:
	Citation `meijer1991functional' on page 84 undefined on input line 3132.
./complement.tex:3220-3302: LaTeX warning:
	Citation `vene2000categorical' on page 85 undefined on input line 3220.
./complement.tex:3535-3589: LaTeX warning:
	Citation `meijer1991functional' on page 93 undefined on input line 3535.
./complement.tex:3912-3913: LaTeX warning:
	Citation `abbott2003categories' on page 98 undefined on input line 3912.
./complement.tex:3913-3915: LaTeX warning:
	Citation `hasegawa2002two' on page 98 undefined on input line 3913.
./complement.tex:3915-3916: LaTeX warning:
	Citation `joyal1986foncteurs' on page 98 undefined on input line 3915.
./complement.tex:3916-4019: LaTeX warning:
	Citation `DBLP:conf/esop/JayC94' on page 98 undefined on input line 3916.
./complement.tex:4218-4217: LaTeX warning:
	Citation `Boomerang07' on page 107 undefined on input line 4218.
./complement.tex:5120-5120: LaTeX warning:
	Citation `FosterThesis' on page 123 undefined on input line 5120.
./complement.tex:5120-5122: LaTeX warning:
	Citation `DBLP:conf/icmt/CzarneckiFHLST09' on page 123 undefined on input line 5120.
./complement.tex:5122-5123: LaTeX warning:
	Citation `Focal2005-shortcite' on page 123 undefined on input line 5122.
./complement.tex:5123-5126: LaTeX warning:
	Citation `HofmannPierceWagner10' on page 123 undefined on input line 5123.
./complement.tex:5126-5127: LaTeX warning:
	Citation `Meertens98' on page 123 undefined on input line 5126.
./complement.tex:5127-5128: LaTeX warning:
	Citation `Stevens07' on page 123 undefined on input line 5127.
./complement.tex:5128-5129: LaTeX warning:
	Citation `DBLP:conf/models/Diskin08' on page 123 undefined on input line 5128.
./complement.tex:5129-5125: LaTeX warning:
	Citation `xiong2009supporting' on page 123 undefined on input line 5129.
./complement.tex:5196-5199: LaTeX warning:
	Citation `matsuda2007btb' on page 125 undefined on input line 5196.
./complement.tex:5199-5200: LaTeX warning:
	Citation `Focal2005-shortcite' on page 125 undefined on input line 5199.
./complement.tex:5200-5204: LaTeX warning:
	Citation `updatable-security-views' on page 125 undefined on input line 5200.
./complement.tex:5204-5254: LaTeX warning:
	Citation `Focal2005-shortcite' on page 125 undefined on input line 5204.
./complement.tex:5254-5340: LaTeX warning:
	Citation `Boomerang07' on page 126 undefined on input line 5254.
./complement.tex:5340-5340: LaTeX warning:
	Citation `Boomerang07' on page 129 undefined on input line 5340.
./complement.tex:5340-?: LaTeX warning:
	Citation `Matching10' on page 129 undefined on input line 5340.
./delta.tex:10-12: LaTeX warning:
	Citation `Focal2005' on page 131 undefined on input line 10.
./delta.tex:12-12: LaTeX warning:
	Citation `Stevens07' on page 131 undefined on input line 12.
./delta.tex:12-13: LaTeX warning:
	Citation `Focal2005' on page 131 undefined on input line 12.
./delta.tex:13-14: LaTeX warning:
	Citation `Meertens98' on page 131 undefined on input line 13.
./delta.tex:14-72: LaTeX warning:
	Citation `Augeas' on page 131 undefined on input line 14.
./delta.tex:72-75: LaTeX warning:
	Citation `1195941' on page 133 undefined on input line 72.
./delta.tex:75-84: LaTeX warning:
	Citation `Matching10' on page 133 undefined on input line 75.
./delta.tex:84-115: LaTeX warning:
	Citation `HofmannPierceWagner10' on page 133 undefined on input line 84.
./delta.tex:133-196: LaTeX warning:
	Float too large for page by 4.64713pt on input line 133.
./delta.tex:196-260: LaTeX warning:
	Citation `Matching10' on page 137 undefined on input line 196.
./delta.tex:260-260: LaTeX warning:
	Citation `HofmannPierceWagner10' on page 138 undefined on input line 260.
./delta.tex:260-260: LaTeX warning:
	Citation `Focal2005' on page 138 undefined on input line 260.
./delta.tex:260-309: LaTeX warning:
	Citation `Boomerang07' on page 138 undefined on input line 260.
./delta.tex:476-546: LaTeX warning:
	Citation `stevens2008tat' on page 142 undefined on input line 476.
./delta.tex:546-581: LaTeX warning:
	Citation `Focal2005' on page 143 undefined on input line 546.
./delta.tex:581-692: LaTeX warning:
	Citation `HofmannPierceWagner10' on page 144 undefined on input line 581.
./delta.tex:692-752: LaTeX warning:
	Citation `HofmannPierceWagner10' on page 147 undefined on input line 692.
./delta.tex:752-914: LaTeX warning:
	Citation `HofmannPierceWagner10' on page 148 undefined on input line 752.
./delta.tex:1537-1539: LaTeX warning:
	Float too large for page by 187.23842pt on input line 1537.
./delta.tex:1539-1625: LaTeX warning:
	Citation `HofmannPierceWagner10' on page 169 undefined on input line 1539.
./delta.tex:1625-2259: LaTeX warning:
	Citation `HofmannPierceWagner10' on page 172 undefined on input line 1625.
./delta.tex:2580-2597: LaTeX warning:
	Float too large for page by 529.41048pt on input line 2580.
./delta.tex:2645-2674: LaTeX warning:
	Float too large for page by 74.48848pt on input line 2645.
./delta.tex:3426-3444: LaTeX warning:
	Citation `1195941' on page 202 undefined on input line 3426.
./delta.tex:3444-3454: LaTeX warning:
	Citation `HofmannPierceWagner10' on page 203 undefined on input line 3444.
./delta.tex:3454-3454: LaTeX warning:
	Citation `1195941' on page 203 undefined on input line 3454.
./delta.tex:3454-3460: LaTeX warning:
	Citation `HofmannPierceWagner10' on page 203 undefined on input line 3454.
./delta.tex:3460-3462: LaTeX warning:
	Citation `1195941' on page 203 undefined on input line 3460.
./delta.tex:3462-3651: LaTeX warning:
	Citation `HofmannPierceWagner10' on page 203 undefined on input line 3462.
./delta.tex:3813-3890: LaTeX warning:
	Float too large for page by 99.13847pt on input line 3813.
./delta.tex:3919-3920: wrapfig warning:
	Collision between wrapping environments on input line 3919.
./delta.tex:3921-3947: wrapfig warning:
	Stationary wrapfigure forced to float on input line 3921.
./delta.tex:3947-3948: wrapfig warning:
	Collision between wrapping environments on input line 3947.
./delta.tex:3950-4204: wrapfig warning:
	Stationary wrapfigure forced to float on input line 3950.
./delta.tex:4204-4464: LaTeX warning:
	Citation `HofmannPierceWagner10' on page 222 undefined on input line 4204.
./delta.tex:4464-4469: LaTeX warning:
	Citation `HofmannPierceWagner10' on page 230 undefined on input line 4464.
./delta.tex:4469-4548: LaTeX warning:
	Citation `HofmannPierceWagner10' on page 230 undefined on input line 4469.
./delta.tex:4640-4640: LaTeX warning:
	Citation `Diskin-Delta11' on page 234 undefined on input line 4640.
./delta.tex:4640-4838: LaTeX warning:
	Citation `Johnson11' on page 234 undefined on input line 4640.
./delta.tex:4838-4839: LaTeX warning:
	Citation `Diskin-Delta11' on page 235 undefined on input line 4838.
./delta.tex:4839-4856: LaTeX warning:
	Citation `Matching10' on page 235 undefined on input line 4839.
./delta.tex:4856-4898: LaTeX warning:
	Citation `Stevens07' on page 235 undefined on input line 4856.
./delta.tex:4898-4905: LaTeX warning:
	Citation `Meertens98' on page 236 undefined on input line 4898.
./delta.tex:4905-4905: LaTeX warning:
	Citation `Hu04' on page 236 undefined on input line 4905.
./delta.tex:4905-4905: LaTeX warning:
	Citation `Mu2004' on page 236 undefined on input line 4905.
./delta.tex:4905-4905: LaTeX warning:
	Citation `MuAlgebraic2004' on page 236 undefined on input line 4905.
./delta.tex:4905-4905: LaTeX warning:
	Citation `HuModels07' on page 236 undefined on input line 4905.
./delta.tex:4905-4912: LaTeX warning:
	Citation `Hidaka10' on page 236 undefined on input line 4905.
./delta.tex:4912-4959: LaTeX warning:
	Citation `Matching10' on page 236 undefined on input line 4912.
./delta.tex:4959-?: LaTeX warning:
	Citation `Boomerang07' on page 237 undefined on input line 4959.
./tree.tex:53-54: LaTeX warning:
	Citation `Boomerang07' on page 244 undefined on input line 53.
./tree.tex:54-54: LaTeX warning:
	Citation `Matching10' on page 244 undefined on input line 54.
./tree.tex:54-55: LaTeX warning:
	Citation `Diskin-Delta11' on page 244 undefined on input line 54.
./tree.tex:55-56: LaTeX warning:
	Citation `diskin2011asymmetric' on page 244 undefined on input line 55.
./tree.tex:56-58: LaTeX warning:
	Citation `Stevens07' on page 244 undefined on input line 56.
./tree.tex:58-58: LaTeX warning:
	Citation `HuModels07' on page 244 undefined on input line 58.
./tree.tex:58-69: LaTeX warning:
	Citation `Hidaka10' on page 244 undefined on input line 58.
./tree.tex:69-84: LaTeX warning:
	Citation `HofmannPierceWagner12' on page 244 undefined on input line 69.
./tree.tex:84-87: LaTeX warning:
	Citation `DalzilioS:POPL04' on page 245 undefined on input line 84.
./tree.tex:87-87: LaTeX warning:
	Citation `UnQL96' on page 245 undefined on input line 87.
./tree.tex:87-235: LaTeX warning:
	Citation `Hidaka10' on page 245 undefined on input line 87.
./tree.tex:235-334: LaTeX warning:
	Citation `Foster:FTL' on page 250 undefined on input line 235.
./tree.tex:334-334: LaTeX warning:
	Citation `Foster:FTL' on page 253 undefined on input line 334.
./tree.tex:334-524: LaTeX warning:
	Citation `DalzilioS:POPL04' on page 253 undefined on input line 334.
./tree.tex:524-543: LaTeX warning:
	Citation `DalzilioS:POPL04' on page 257 undefined on input line 524.
./tree.tex:543-668: LaTeX warning:
	Citation `DalzilioS:POPL04' on page 257 undefined on input line 543.
./tree.tex:668-808: LaTeX warning:
	Citation `Foster:FTL' on page 260 undefined on input line 668.
./tree.tex:808-860: LaTeX warning:
	Citation `DalzilioS:POPL04' on page 264 undefined on input line 808.
./tree.tex:860-907: LaTeX warning:
	Citation `HofmannPierceWagner12' on page 265 undefined on input line 860.
./tree.tex:907-978: LaTeX warning:
	Citation `HofmannPierceWagner12' on page 266 undefined on input line 907.
./tree.tex:978-978: LaTeX warning:
	Citation `DalzilioS:POPL04' on page 268 undefined on input line 978.
./tree.tex:978-980: LaTeX warning:
	Citation `Foster:FTL' on page 268 undefined on input line 978.
./tree.tex:980-?: LaTeX warning:
	Citation `Foster:FTL' on page 268 undefined on input line 980.
./skeleton_dissertation.tex:36-?: LaTeX warning:
	There were undefined references.
./skeleton_dissertation.tex:36-?: LaTeX warning:
	Label(s) may have changed. Rerun to get cross-references right.
2-2: (\end occurred when \iftrue on line 2 was incomplete) 
