./skeleton_dissertation.tex:36-?: LaTeX warning:
	Label(s) may have changed. Rerun to get cross-references right.
