./skeleton_dissertation.tex:?-36: No file paper.aux.
./skeleton_dissertation.tex:36-123: No file paper.toc.
./complement.tex:22-22: LaTeX warning:
	Citation `FosterThesis' on page 7 undefined on input line 22.
./complement.tex:22-25: LaTeX warning:
	Citation `DBLP:conf/icmt/CzarneckiFHLST09' on page 7 undefined on input line 22.
./complement.tex:25-29: LaTeX warning:
	Citation `Augeas' on page 7 undefined on input line 25.
./complement.tex:29-35: LaTeX warning:
	Citation `Focal2005-shortcite' on page 7 undefined on input line 29.
./complement.tex:35-35: LaTeX warning:
	Citation `Boomerang07' on page 7 undefined on input line 35.
./complement.tex:35-35: LaTeX warning:
	Citation `QuotientLenses08' on page 7 undefined on input line 35.
./complement.tex:35-35: LaTeX warning:
	Citation `updatable-security-views' on page 7 undefined on input line 35.
./complement.tex:35-39: LaTeX warning:
	Citation `Matching10' on page 7 undefined on input line 35.
./complement.tex:39-39: LaTeX warning:
	Citation `Focal2005-shortcite' on page 7 undefined on input line 39.
./complement.tex:39-39: LaTeX warning:
	Citation `Hu04' on page 7 undefined on input line 39.
./complement.tex:39-39: LaTeX warning:
	Citation `MuAlgebraic2004' on page 7 undefined on input line 39.
./complement.tex:39-40: LaTeX warning:
	Citation `HuXQuery08' on page 7 undefined on input line 39.
./complement.tex:40-40: LaTeX warning:
	Citation `BohannonPierceVaughan' on page 7 undefined on input line 40.
./complement.tex:40-45: LaTeX warning:
	Citation `Hidaka10' on page 7 undefined on input line 40.
./complement.tex:45-45: LaTeX warning:
	Citation `Stevens07' on page 7 undefined on input line 45.
./complement.tex:45-45: LaTeX warning:
	Citation `HuModels07' on page 7 undefined on input line 45.
./complement.tex:45-45: LaTeX warning:
	Citation `stevens2008lbm' on page 7 undefined on input line 45.
./complement.tex:45-45: LaTeX warning:
	Citation `DBLP:conf/models/Diskin08' on page 7 undefined on input line 45.
./complement.tex:45-45: LaTeX warning:
	Citation `diskin2008algebraic' on page 7 undefined on input line 45.
./complement.tex:45-45: LaTeX warning:
	Citation `diskin2009model' on page 7 undefined on input line 45.
./complement.tex:45-45: LaTeX warning:
	Citation `hidaka2009compositional' on page 7 undefined on input line 45.
./complement.tex:45-62: LaTeX warning:
	Citation `hidaka2009towards' on page 7 undefined on input line 45.
./complement.tex:62-65: LaTeX warning:
	Reference `symm' on page 7 undefined on input line 62.
./complement.tex:65-65: LaTeX warning:
	Citation `Meertens98' on page 7 undefined on input line 65.
./complement.tex:65-65: LaTeX warning:
	Citation `stevens2008tat' on page 7 undefined on input line 65.
./complement.tex:65-67: LaTeX warning:
	Citation `DBLP:conf/models/Diskin08' on page 7 undefined on input line 65.
./complement.tex:67-72: LaTeX warning:
	Reference `sec:relwork' on page 7 undefined on input line 67.
./complement.tex:72-86: LaTeX warning:
	Reference `equiv' on page 7 undefined on input line 72.
./complement.tex:86-87: LaTeX warning:
	Reference `basic' on page 8 undefined on input line 86.
./complement.tex:87-87: LaTeX warning:
	Reference `prod' on page 8 undefined on input line 87.
./complement.tex:87-90: LaTeX warning:
	Reference `sumlist' on page 8 undefined on input line 87.
./complement.tex:90-91: LaTeX warning:
	Citation `Boomerang07' on page 8 undefined on input line 90.
./complement.tex:91-101: LaTeX warning:
	Citation `Focal2005-shortcite' on page 8 undefined on input line 91.
./complement.tex:101-125: LaTeX warning:
	Reference `iter' on page 8 undefined on input line 101.
./complement.tex:125-128: LaTeX warning:
	Reference `contain' on page 9 undefined on input line 125.
./complement.tex:128-151: LaTeX warning:
	Citation `1195941' on page 9 undefined on input line 128.
./complement.tex:151-159: LaTeX warning:
	Reference `asymm' on page 9 undefined on input line 151.
./complement.tex:159-159: LaTeX warning:
	Reference `sec:relwork' on page 10 undefined on input line 159.
./complement.tex:159-171: LaTeX warning:
	Reference `future' on page 10 undefined on input line 159.
./complement.tex:171-210: LaTeX warning:
	Reference `sec:relwork' on page 10 undefined on input line 171.
./complement.tex:210-211: LaTeX warning:
	Citation `DBLP:journals/tods/BancilhonS81' on page 11 undefined on input line 210.
./complement.tex:211-212: LaTeX warning:
	Citation `Matching10' on page 11 undefined on input line 211.
./complement.tex:212-469: LaTeX warning:
	Citation `matsuda2007btb' on page 11 undefined on input line 212.
./complement.tex:469-501: LaTeX warning:
	Reference `fig:symm' on page 15 undefined on input line 469.
./complement.tex:501-598: LaTeX warning:
	Reference `fig:symm' on page 15 undefined on input line 501.
./complement.tex:598-682: LaTeX warning:
	Reference `fig:sums' on page 18 undefined on input line 598.
./complement.tex:682-735: LaTeX warning:
	Reference `lists' on page 21 undefined on input line 682.
./complement.tex:735-735: LaTeX warning:
	Citation `Boomerang07' on page 22 undefined on input line 735.
./complement.tex:735-747: LaTeX warning:
	Citation `Matching10' on page 22 undefined on input line 735.
./complement.tex:747-749: LaTeX warning:
	Citation `Matching10' on page 22 undefined on input line 747.
./complement.tex:749-914: LaTeX warning:
	Reference `future' on page 22 undefined on input line 749.
./complement.tex:1003-1004: LaTeX warning:
	Reference `cg:def' on page 29 undefined on input line 1003.
./complement.tex:1004-1005: LaTeX warning:
	Reference `cg:putrll' on page 29 undefined on input line 1004.
./complement.tex:1005-1006: LaTeX warning:
	Reference `cg:computel' on page 29 undefined on input line 1005.
./complement.tex:1006-1007: LaTeX warning:
	Reference `cg:putrlk' on page 29 undefined on input line 1006.
./complement.tex:1007-1030: LaTeX warning:
	Reference `cg:computek' on page 29 undefined on input line 1007.
./complement.tex:1030-1186: LaTeX warning:
	Reference `CPE' on page 30 undefined on input line 1030.
./complement.tex:1273-1274: LaTeX warning:
	Reference `singleton_id' on page 35 undefined on input line 1273.
./complement.tex:1274-1319: LaTeX warning:
	Reference `trivial_complement_bijection' on page 35 undefined on input line 1274.
./complement.tex:1526-1537: LaTeX warning:
	Reference `conuni' on page 42 undefined on input line 1526.
./complement.tex:1632-1633: LaTeX warning:
	Reference `conuni' on page 45 undefined on input line 1632.
./complement.tex:1633-1642: LaTeX warning:
	Reference `conuni' on page 45 undefined on input line 1633.
./complement.tex:1642-1674: LaTeX warning:
	Reference `conuni' on page 46 undefined on input line 1642.
./complement.tex:1743-1755: LaTeX warning:
	Citation `AbrTze09' on page 47 undefined on input line 1743.
./complement.tex:1755-1755: LaTeX warning:
	Reference `beta_1' on page 48 undefined on input line 1755.
./complement.tex:1755-1759: LaTeX warning:
	Reference `beta_2' on page 48 undefined on input line 1755.
./complement.tex:1759-1783: LaTeX warning:
	Reference `beta_3' on page 48 undefined on input line 1759.
./complement.tex:1848-1933: LaTeX warning:
	Reference `singleton_id' on page 50 undefined on input line 1848.
./complement.tex:1933-1954: LaTeX warning:
	Reference `future' on page 52 undefined on input line 1933.
./complement.tex:1954-1965: LaTeX warning:
	Reference `lemma:bij_product' on page 53 undefined on input line 1954.
./complement.tex:2028-2038: LaTeX warning:
	Citation `Focal2005-shortcite' on page 55 undefined on input line 2028.
./complement.tex:2101-2102: LaTeX warning:
	Reference `self_duality' on page 58 undefined on input line 2101.
./complement.tex:2102-2169: LaTeX warning:
	Reference `noprod' on page 58 undefined on input line 2102.
./complement.tex:2169-2210: LaTeX warning:
	Reference `symm' on page 59 undefined on input line 2169.
./complement.tex:2277-2351: LaTeX warning:
	Reference `singleton_id' on page 62 undefined on input line 2277.
./complement.tex:2585-2606: LaTeX warning:
	Reference `lemma:bij_sum' on page 71 undefined on input line 2585.
./complement.tex:3051-3054: LaTeX warning:
	Reference `symm' on page 82 undefined on input line 3051.
./complement.tex:3054-3054: LaTeX warning:
	Citation `Focal2005-shortcite' on page 82 undefined on input line 3054.
./complement.tex:3054-3073: LaTeX warning:
	Citation `Boomerang07' on page 82 undefined on input line 3054.
./complement.tex:3132-3220: LaTeX warning:
	Citation `meijer1991functional' on page 84 undefined on input line 3132.
./complement.tex:3220-3222: LaTeX warning:
	Citation `vene2000categorical' on page 85 undefined on input line 3220.
./complement.tex:3222-3302: LaTeX warning:
	Reference `listiter' on page 85 undefined on input line 3222.
./complement.tex:3334-3354: LaTeX warning:
	Reference `listiter' on page 88 undefined on input line 3334.
./complement.tex:3535-3549: LaTeX warning:
	Citation `meijer1991functional' on page 93 undefined on input line 3535.
./complement.tex:3549-3550: LaTeX warning:
	Reference `listiter' on page 94 undefined on input line 3549.
./complement.tex:3550-3553: LaTeX warning:
	Reference `hylo' on page 94 undefined on input line 3550.
./complement.tex:3553-3564: LaTeX warning:
	Reference `contain' on page 94 undefined on input line 3553.
./complement.tex:3564-3589: LaTeX warning:
	Reference `listiter' on page 95 undefined on input line 3564.
./complement.tex:3600-3912: LaTeX warning:
	Reference `hylo' on page 96 undefined on input line 3600.
./complement.tex:3912-3913: LaTeX warning:
	Citation `abbott2003categories' on page 98 undefined on input line 3912.
./complement.tex:3913-3915: LaTeX warning:
	Citation `hasegawa2002two' on page 98 undefined on input line 3913.
./complement.tex:3915-3916: LaTeX warning:
	Citation `joyal1986foncteurs' on page 98 undefined on input line 3915.
./complement.tex:3916-4019: LaTeX warning:
	Citation `DBLP:conf/esop/JayC94' on page 98 undefined on input line 3916.
./complement.tex:4132-4162: LaTeX warning:
	Reference `iter' on page 104 undefined on input line 4132.
./complement.tex:4162-4179: LaTeX warning:
	Reference `symm' on page 105 undefined on input line 4162.
./complement.tex:4218-4217: LaTeX warning:
	Citation `Boomerang07' on page 107 undefined on input line 4218.
./complement.tex:4670-4687: LaTeX warning:
	Reference `asymmetrization_of_lenses' on page 121 undefined on input line 4670.
./complement.tex:5120-5120: LaTeX warning:
	Citation `FosterThesis' on page 123 undefined on input line 5120.
./complement.tex:5120-5122: LaTeX warning:
	Citation `DBLP:conf/icmt/CzarneckiFHLST09' on page 123 undefined on input line 5120.
./complement.tex:5122-5123: LaTeX warning:
	Citation `Focal2005-shortcite' on page 123 undefined on input line 5122.
./complement.tex:5123-5126: LaTeX warning:
	Citation `HofmannPierceWagner10' on page 123 undefined on input line 5123.
./complement.tex:5126-5127: LaTeX warning:
	Citation `Meertens98' on page 123 undefined on input line 5126.
./complement.tex:5127-5128: LaTeX warning:
	Citation `Stevens07' on page 123 undefined on input line 5127.
./complement.tex:5128-5129: LaTeX warning:
	Citation `DBLP:conf/models/Diskin08' on page 123 undefined on input line 5128.
./complement.tex:5129-5125: LaTeX warning:
	Citation `xiong2009supporting' on page 123 undefined on input line 5129.
./complement.tex:5196-5199: LaTeX warning:
	Citation `matsuda2007btb' on page 125 undefined on input line 5196.
./complement.tex:5199-5200: LaTeX warning:
	Citation `Focal2005-shortcite' on page 125 undefined on input line 5199.
./complement.tex:5200-5204: LaTeX warning:
	Citation `updatable-security-views' on page 125 undefined on input line 5200.
./complement.tex:5204-5252: LaTeX warning:
	Citation `Focal2005-shortcite' on page 125 undefined on input line 5204.
./complement.tex:5252-5252: LaTeX warning:
	Reference `basic' on page 126 undefined on input line 5252.
./complement.tex:5252-5254: LaTeX warning:
	Reference `sumlist' on page 126 undefined on input line 5252.
./complement.tex:5254-5285: LaTeX warning:
	Citation `Boomerang07' on page 126 undefined on input line 5254.
./complement.tex:5285-5336: LaTeX warning:
	Reference `concatprime' on page 127 undefined on input line 5285.
./complement.tex:5336-5340: LaTeX warning:
	Reference `firstalign' on page 129 undefined on input line 5336.
./complement.tex:5340-5340: LaTeX warning:
	Citation `Boomerang07' on page 129 undefined on input line 5340.
./complement.tex:5340-?: LaTeX warning:
	Citation `Matching10' on page 129 undefined on input line 5340.
./delta.tex:10-12: LaTeX warning:
	Citation `Focal2005' on page 131 undefined on input line 10.
./delta.tex:12-12: LaTeX warning:
	Citation `Stevens07' on page 131 undefined on input line 12.
./delta.tex:12-13: LaTeX warning:
	Citation `Focal2005' on page 131 undefined on input line 12.
./delta.tex:13-14: LaTeX warning:
	Citation `Meertens98' on page 131 undefined on input line 13.
./delta.tex:14-62: LaTeX warning:
	Citation `Augeas' on page 131 undefined on input line 14.
./delta.tex:62-68: LaTeX warning:
	Reference `sec:semantics' on page 133 undefined on input line 62.
./delta.tex:68-72: LaTeX warning:
	Reference `sec:combinators' on page 133 undefined on input line 68.
./delta.tex:72-73: LaTeX warning:
	Citation `1195941' on page 133 undefined on input line 72.
./delta.tex:73-75: LaTeX warning:
	Reference `sec:containers' on page 133 undefined on input line 73.
./delta.tex:75-79: LaTeX warning:
	Citation `Matching10' on page 133 undefined on input line 75.
./delta.tex:79-84: LaTeX warning:
	Reference `sec:monoid-laws' on page 133 undefined on input line 79.
./delta.tex:84-85: LaTeX warning:
	Citation `HofmannPierceWagner10' on page 133 undefined on input line 84.
./delta.tex:85-91: LaTeX warning:
	Reference `stateb' on page 133 undefined on input line 85.
./delta.tex:91-92: LaTeX warning:
	Reference `cats' on page 133 undefined on input line 91.
./delta.tex:92-93: LaTeX warning:
	Reference `sec:related' on page 133 undefined on input line 92.
./delta.tex:93-116: LaTeX warning:
	Reference `sec:concl' on page 133 undefined on input line 93.
./delta.tex:140-163: LaTeX warning:
	Reference `fig:example-simple' on page 134 undefined on input line 140.
./delta.tex:163-184: LaTeX warning:
	Reference `sec:containers' on page 134 undefined on input line 163.
./delta.tex:184-198: LaTeX warning:
	Reference `fig:example-simple' on page 136 undefined on input line 184.
./delta.tex:198-262: LaTeX warning:
	Citation `Matching10' on page 137 undefined on input line 198.
./delta.tex:262-262: LaTeX warning:
	Citation `HofmannPierceWagner10' on page 138 undefined on input line 262.
./delta.tex:262-262: LaTeX warning:
	Citation `Focal2005' on page 138 undefined on input line 262.
./delta.tex:262-311: LaTeX warning:
	Citation `Boomerang07' on page 138 undefined on input line 262.
./delta.tex:331-452: LaTeX warning:
	Reference `fig:example-partition' on page 138 undefined on input line 331.
./delta.tex:452-454: LaTeX warning:
	Reference `sec:monoid-laws' on page 141 undefined on input line 452.
./delta.tex:454-478: LaTeX warning:
	Reference `sec:delta-examples' on page 141 undefined on input line 454.
./delta.tex:478-482: LaTeX warning:
	Citation `stevens2008tat' on page 142 undefined on input line 478.
./delta.tex:482-548: LaTeX warning:
	Reference `sec:monoid-laws' on page 142 undefined on input line 482.
./delta.tex:548-549: LaTeX warning:
	Citation `Focal2005' on page 143 undefined on input line 548.
./delta.tex:549-577: LaTeX warning:
	Reference `nofail' on page 143 undefined on input line 549.
./delta.tex:577-583: LaTeX warning:
	Reference `sec:delta-examples' on page 144 undefined on input line 577.
./delta.tex:583-694: LaTeX warning:
	Citation `HofmannPierceWagner10' on page 144 undefined on input line 583.
./delta.tex:694-754: LaTeX warning:
	Citation `HofmannPierceWagner10' on page 147 undefined on input line 694.
./delta.tex:754-916: LaTeX warning:
	Citation `HofmannPierceWagner10' on page 148 undefined on input line 754.
./delta.tex:1044-1128: LaTeX warning:
	Reference `eqchar' on page 155 undefined on input line 1044.
./delta.tex:1259-1300: LaTeX warning:
	Reference `sec:delta-examples' on page 162 undefined on input line 1259.
./delta.tex:1343-1360: LaTeX warning:
	Reference `thm:bisim' on page 164 undefined on input line 1343.
./delta.tex:1360-1361: LaTeX warning:
	Reference `sec:containers' on page 165 undefined on input line 1360.
./delta.tex:1361-1427: LaTeX warning:
	Reference `sec:monoid-laws' on page 165 undefined on input line 1361.
./delta.tex:1463-1473: LaTeX warning:
	Reference `thm:bisim' on page 168 undefined on input line 1463.
./delta.tex:1490-1531: LaTeX warning:
	Reference `sec:monoid-laws' on page 168 undefined on input line 1490.
./delta.tex:1536-1543: LaTeX warning:
	Reference `fig:definition-sum' on page 169 undefined on input line 1536.
./delta.tex:1543-1553: LaTeX warning:
	Citation `HofmannPierceWagner10' on page 169 undefined on input line 1543.
./delta.tex:1553-1585: LaTeX warning:
	Reference `footnoteseven' on page 169 undefined on input line 1553.
./delta.tex:1585-1629: LaTeX warning:
	Reference `sec:monoid-laws' on page 171 undefined on input line 1585.
./delta.tex:1629-1640: LaTeX warning:
	Citation `HofmannPierceWagner10' on page 172 undefined on input line 1629.
./delta.tex:1640-2263: LaTeX warning:
	Reference `fig:definition-sum' on page 172 undefined on input line 1640.
./delta.tex:2268-2286: LaTeX warning:
	Reference `fig:definition-map' on page 173 undefined on input line 2268.
./delta.tex:2286-2287: LaTeX warning:
	Reference `sec:containers' on page 173 undefined on input line 2286.
./delta.tex:2287-2327: LaTeX warning:
	Reference `sec:delta-examples' on page 173 undefined on input line 2287.
./delta.tex:2327-2403: LaTeX warning:
	Reference `fig:definition-map' on page 175 undefined on input line 2327.
./delta.tex:2583-2604: LaTeX warning:
	Reference `fig:definition-partition' on page 179 undefined on input line 2583.
./delta.tex:2650-2656: LaTeX warning:
	Reference `fig:definition-partition-supplementary' on page 179 undefined on input line 2650.
./delta.tex:2656-2657: LaTeX warning:
	Reference `fig:definition-partition' on page 179 undefined on input line 2656.
./delta.tex:2657-2659: LaTeX warning:
	Reference `fig:definition-partition-supplementary' on page 179 undefined on input line 2657.
./delta.tex:2659-2673: LaTeX warning:
	Reference `sec:delta-examples' on page 179 undefined on input line 2659.
./delta.tex:2673-2682: LaTeX warning:
	Reference `fig:triple-partition' on page 179 undefined on input line 2673.
./delta.tex:2731-2732: LaTeX warning:
	Reference `refrmodstay' on page 179 undefined on input line 2731.
./delta.tex:2732-2742: LaTeX warning:
	Reference `fig:definition-partition' on page 179 undefined on input line 2732.
./delta.tex:2742-2757: LaTeX warning:
	Reference `fig:definition-partition-supplementary' on page 179 undefined on input line 2742.
./delta.tex:2757-2770: LaTeX warning:
	Reference `refrmodswitch' on page 180 undefined on input line 2757.
./delta.tex:2770-2811: LaTeX warning:
	Reference `fig:definition-partition-supplementary' on page 180 undefined on input line 2770.
./delta.tex:2811-2856: LaTeX warning:
	Reference `reflreorder' on page 182 undefined on input line 2811.
./delta.tex:2856-2921: LaTeX warning:
	Reference `refrreorder' on page 183 undefined on input line 2856.
./delta.tex:2921-2989: LaTeX warning:
	Reference `lemma:high-level-delete' on page 185 undefined on input line 2921.
./delta.tex:2989-2990: LaTeX warning:
	Reference `fig:definition-partition' on page 187 undefined on input line 2989.
./delta.tex:2990-2996: LaTeX warning:
	Reference `fig:definition-partition-supplementary' on page 187 undefined on input line 2990.
./delta.tex:2996-3022: LaTeX warning:
	Reference `defn:lens' on page 187 undefined on input line 2996.
./delta.tex:3022-3029: LaTeX warning:
	Reference `refrmodbigp' on page 188 undefined on input line 3022.
./delta.tex:3029-3043: LaTeX warning:
	Reference `refrmodempty' on page 188 undefined on input line 3029.
./delta.tex:3043-3055: LaTeX warning:
	Reference `refrmodcons' on page 188 undefined on input line 3043.
./delta.tex:3055-3058: LaTeX warning:
	Reference `lemma:unfold-mod-once' on page 189 undefined on input line 3055.
./delta.tex:3058-3054: LaTeX warning:
	Reference `eq:IH-1' on page 189 undefined on input line 3058.
./delta.tex:3062-3064: LaTeX warning:
	Reference `eq:IH-2' on page 189 undefined on input line 3062.
./delta.tex:3064-3069: LaTeX warning:
	Reference `lemma:unfold-mod-once' on page 189 undefined on input line 3064.
./delta.tex:3069-3113: LaTeX warning:
	Reference `refrmodswitch' on page 189 undefined on input line 3069.
./delta.tex:3113-3114: LaTeX warning:
	Reference `lemma:high-level-delete' on page 191 undefined on input line 3113.
./delta.tex:3114-3123: LaTeX warning:
	Reference `lemma:high-level-insert' on page 191 undefined on input line 3114.
./delta.tex:3123-3134: LaTeX warning:
	Reference `lemma:lefts-rights-homomorphism' on page 192 undefined on input line 3123.
./delta.tex:3134-3147: LaTeX warning:
	Reference `lemma:iso-coherent' on page 192 undefined on input line 3134.
./delta.tex:3147-3156: LaTeX warning:
	Reference `refrmodstay' on page 193 undefined on input line 3147.
./delta.tex:3156-3173: LaTeX warning:
	Reference `lemma:iso-coherent' on page 193 undefined on input line 3156.
./delta.tex:3173-3178: LaTeX warning:
	Reference `refrmodfail' on page 193 undefined on input line 3173.
./delta.tex:3178-3203: LaTeX warning:
	Reference `refrins' on page 194 undefined on input line 3178.
./delta.tex:3203-3211: LaTeX warning:
	Reference `lemma:lefts-rights-homomorphism' on page 194 undefined on input line 3203.
./delta.tex:3217-3263: LaTeX warning:
	Reference `refrdel' on page 195 undefined on input line 3217.
./delta.tex:3263-3267: LaTeX warning:
	Reference `refrreorder' on page 197 undefined on input line 3263.
./delta.tex:3267-3295: LaTeX warning:
	Reference `lemma:iso-coherent' on page 197 undefined on input line 3267.
./delta.tex:3295-3296: LaTeX warning:
	Reference `eq:reorder-z' on page 198 undefined on input line 3295.
./delta.tex:3296-3297: LaTeX warning:
	Reference `eq:float-index' on page 198 undefined on input line 3296.
./delta.tex:3297-3298: LaTeX warning:
	Reference `eq:def-c' on page 198 undefined on input line 3297.
./delta.tex:3298-3306: LaTeX warning:
	Reference `eq:def-reorder' on page 198 undefined on input line 3298.
./delta.tex:3306-3328: LaTeX warning:
	Reference `lemma:iso-coherent' on page 198 undefined on input line 3306.
./delta.tex:3328-3329: LaTeX warning:
	Reference `eq:lefts-lemma' on page 199 undefined on input line 3328.
./delta.tex:3329-3329: LaTeX warning:
	Reference `lemma:iso-coherent' on page 199 undefined on input line 3329.
./delta.tex:3329-3330: LaTeX warning:
	Reference `eq:def-h'' on page 199 undefined on input line 3329.
./delta.tex:3330-3331: LaTeX warning:
	Reference `eq:apply-reordering-to-def-h'' on page 199 undefined on input line 3330.
./delta.tex:3331-3332: LaTeX warning:
	Reference `eq:lefts-unlemma' on page 199 undefined on input line 3331.
./delta.tex:3332-3334: LaTeX warning:
	Reference `lemma:iso-coherent' on page 199 undefined on input line 3332.
./delta.tex:3334-3335: LaTeX warning:
	Reference `eq:def-h' on page 199 undefined on input line 3334.
./delta.tex:3335-3335: LaTeX warning:
	Reference `eq:semi-syntax' on page 199 undefined on input line 3335.
./delta.tex:3335-3335: LaTeX warning:
	Reference `eq:def-h''' on page 199 undefined on input line 3335.
./delta.tex:3335-3338: LaTeX warning:
	Reference `eq:def-fL' on page 199 undefined on input line 3335.
./delta.tex:3338-3344: LaTeX warning:
	Reference `eq:uninl' on page 199 undefined on input line 3338.
./delta.tex:3344-3344: LaTeX warning:
	Reference `refrfail' on page 199 undefined on input line 3344.
./delta.tex:3344-3360: LaTeX warning:
	Reference `refrmodfail' on page 199 undefined on input line 3344.
./delta.tex:3360-3362: LaTeX warning:
	Reference `reflmod' on page 200 undefined on input line 3360.
./delta.tex:3362-3364: LaTeX warning:
	Reference `reflreorder' on page 200 undefined on input line 3362.
./delta.tex:3364-3399: LaTeX warning:
	Reference `reflins' on page 200 undefined on input line 3364.
./delta.tex:3399-3403: LaTeX warning:
	Reference `refldel0' on page 201 undefined on input line 3399.
./delta.tex:3403-3405: LaTeX warning:
	Reference `refldeli' on page 201 undefined on input line 3403.
./delta.tex:3405-3408: LaTeX warning:
	Reference `refldelfail' on page 201 undefined on input line 3405.
./delta.tex:3408-3430: LaTeX warning:
	Reference `reflfail' on page 202 undefined on input line 3408.
./delta.tex:3430-3434: LaTeX warning:
	Reference `sec:monoid-laws' on page 202 undefined on input line 3430.
./delta.tex:3434-3452: LaTeX warning:
	Citation `1195941' on page 202 undefined on input line 3434.
./delta.tex:3452-3462: LaTeX warning:
	Citation `HofmannPierceWagner10' on page 203 undefined on input line 3452.
./delta.tex:3462-3462: LaTeX warning:
	Citation `1195941' on page 203 undefined on input line 3462.
./delta.tex:3462-3468: LaTeX warning:
	Citation `HofmannPierceWagner10' on page 203 undefined on input line 3462.
./delta.tex:3468-3470: LaTeX warning:
	Citation `1195941' on page 203 undefined on input line 3468.
./delta.tex:3470-3538: LaTeX warning:
	Citation `HofmannPierceWagner10' on page 203 undefined on input line 3470.
./delta.tex:3538-3605: LaTeX warning:
	Reference `def:containereditapplication' on page 205 undefined on input line 3538.
./delta.tex:3605-3659: LaTeX warning:
	Reference `sec:monoid-laws' on page 207 undefined on input line 3605.
./delta.tex:3739-3727: LaTeX warning:
	Reference `thm:bisim' on page 210 undefined on input line 3739.
./delta.tex:3818-3826: LaTeX warning:
	Reference `fig:restructuring-definition' on page 211 undefined on input line 3818.
./delta.tex:3826-3900: LaTeX warning:
	Reference `fig:restructuring-definition' on page 211 undefined on input line 3826.
./delta.tex:4006-4139: LaTeX warning:
	Reference `sec:semantics' on page 215 undefined on input line 4006.
./delta.tex:4139-4140: LaTeX warning:
	Reference `eq:klens' on page 220 undefined on input line 4139.
./delta.tex:4140-4141: LaTeX warning:
	Reference `eq:law' on page 220 undefined on input line 4140.
./delta.tex:4141-4141: LaTeX warning:
	Reference `eq:one1' on page 220 undefined on input line 4141.
./delta.tex:4141-4225: LaTeX warning:
	Reference `eq:one2' on page 220 undefined on input line 4141.
./delta.tex:4225-4485: LaTeX warning:
	Citation `HofmannPierceWagner10' on page 222 undefined on input line 4225.
./delta.tex:4485-4490: LaTeX warning:
	Citation `HofmannPierceWagner10' on page 230 undefined on input line 4485.
./delta.tex:4490-4569: LaTeX warning:
	Citation `HofmannPierceWagner10' on page 230 undefined on input line 4490.
./delta.tex:4661-4661: LaTeX warning:
	Citation `Diskin-Delta11' on page 234 undefined on input line 4661.
./delta.tex:4661-4859: LaTeX warning:
	Citation `Johnson11' on page 234 undefined on input line 4661.
./delta.tex:4859-4860: LaTeX warning:
	Citation `Diskin-Delta11' on page 235 undefined on input line 4859.
./delta.tex:4860-4866: LaTeX warning:
	Citation `Matching10' on page 235 undefined on input line 4860.
./delta.tex:4866-4877: LaTeX warning:
	Reference `cats' on page 235 undefined on input line 4866.
./delta.tex:4877-4878: LaTeX warning:
	Citation `Stevens07' on page 235 undefined on input line 4877.
./delta.tex:4878-4919: LaTeX warning:
	Reference `stateb' on page 235 undefined on input line 4878.
./delta.tex:4919-4926: LaTeX warning:
	Citation `Meertens98' on page 236 undefined on input line 4919.
./delta.tex:4926-4926: LaTeX warning:
	Citation `Hu04' on page 236 undefined on input line 4926.
./delta.tex:4926-4926: LaTeX warning:
	Citation `Mu2004' on page 236 undefined on input line 4926.
./delta.tex:4926-4926: LaTeX warning:
	Citation `MuAlgebraic2004' on page 236 undefined on input line 4926.
./delta.tex:4926-4926: LaTeX warning:
	Citation `HuModels07' on page 236 undefined on input line 4926.
./delta.tex:4926-4933: LaTeX warning:
	Citation `Hidaka10' on page 236 undefined on input line 4926.
./delta.tex:4933-4980: LaTeX warning:
	Citation `Matching10' on page 236 undefined on input line 4933.
./delta.tex:4980-4985: LaTeX warning:
	Citation `Boomerang07' on page 237 undefined on input line 4980.
./delta.tex:4985-?: LaTeX warning:
	Reference `sec:containers' on page 237 undefined on input line 4985.
./tree.tex:53-54: LaTeX warning:
	Citation `Boomerang07' on page 243 undefined on input line 53.
./tree.tex:54-54: LaTeX warning:
	Citation `Matching10' on page 243 undefined on input line 54.
./tree.tex:54-55: LaTeX warning:
	Citation `Diskin-Delta11' on page 243 undefined on input line 54.
./tree.tex:55-56: LaTeX warning:
	Citation `diskin2011asymmetric' on page 243 undefined on input line 55.
./tree.tex:56-58: LaTeX warning:
	Citation `Stevens07' on page 243 undefined on input line 56.
./tree.tex:58-58: LaTeX warning:
	Citation `HuModels07' on page 243 undefined on input line 58.
./tree.tex:58-69: LaTeX warning:
	Citation `Hidaka10' on page 243 undefined on input line 58.
./tree.tex:69-84: LaTeX warning:
	Citation `HofmannPierceWagner12' on page 243 undefined on input line 69.
./tree.tex:84-87: LaTeX warning:
	Citation `DalzilioS:POPL04' on page 244 undefined on input line 84.
./tree.tex:87-87: LaTeX warning:
	Citation `UnQL96' on page 244 undefined on input line 87.
./tree.tex:87-235: LaTeX warning:
	Citation `Hidaka10' on page 244 undefined on input line 87.
./tree.tex:235-334: LaTeX warning:
	Citation `Foster:FTL' on page 249 undefined on input line 235.
./tree.tex:334-334: LaTeX warning:
	Citation `Foster:FTL' on page 252 undefined on input line 334.
./tree.tex:334-524: LaTeX warning:
	Citation `DalzilioS:POPL04' on page 252 undefined on input line 334.
./tree.tex:524-543: LaTeX warning:
	Citation `DalzilioS:POPL04' on page 256 undefined on input line 524.
./tree.tex:543-668: LaTeX warning:
	Citation `DalzilioS:POPL04' on page 256 undefined on input line 543.
./tree.tex:668-808: LaTeX warning:
	Citation `Foster:FTL' on page 259 undefined on input line 668.
./tree.tex:808-860: LaTeX warning:
	Citation `DalzilioS:POPL04' on page 263 undefined on input line 808.
./tree.tex:860-870: LaTeX warning:
	Citation `HofmannPierceWagner12' on page 264 undefined on input line 860.
./tree.tex:870-907: LaTeX warning:
	Reference `sec:tree-examples' on page 264 undefined on input line 870.
./tree.tex:907-978: LaTeX warning:
	Citation `HofmannPierceWagner12' on page 265 undefined on input line 907.
./tree.tex:978-978: LaTeX warning:
	Citation `DalzilioS:POPL04' on page 267 undefined on input line 978.
./tree.tex:978-980: LaTeX warning:
	Citation `Foster:FTL' on page 267 undefined on input line 978.
./tree.tex:980-?: LaTeX warning:
	Citation `Foster:FTL' on page 267 undefined on input line 980.
./skeleton_dissertation.tex:123-?: No file paper.bbl.
./skeleton_dissertation.tex:123-?: LaTeX warning:
	There were undefined references.
./skeleton_dissertation.tex:123-?: LaTeX warning:
	Label(s) may have changed. Rerun to get cross-references right.
