./complement.tex:22-22: LaTeX warning:
	Citation `FosterThesis' on page 7 undefined on input line 22.
./complement.tex:22-25: LaTeX warning:
	Citation `DBLP:conf/icmt/CzarneckiFHLST09' on page 7 undefined on input line 22.
./complement.tex:25-29: LaTeX warning:
	Citation `augeas' on page 7 undefined on input line 25.
./complement.tex:29-35: LaTeX warning:
	Citation `Focal2005-shortcite' on page 7 undefined on input line 29.
./complement.tex:35-35: LaTeX warning:
	Citation `Boomerang07' on page 7 undefined on input line 35.
./complement.tex:35-35: LaTeX warning:
	Citation `QuotientLenses08' on page 7 undefined on input line 35.
./complement.tex:35-35: LaTeX warning:
	Citation `updatable-security-views' on page 7 undefined on input line 35.
./complement.tex:35-39: LaTeX warning:
	Citation `Matching10' on page 7 undefined on input line 35.
./complement.tex:39-39: LaTeX warning:
	Citation `Focal2005-shortcite' on page 7 undefined on input line 39.
./complement.tex:39-39: LaTeX warning:
	Citation `Hu04' on page 7 undefined on input line 39.
./complement.tex:39-39: LaTeX warning:
	Citation `MuAlgebraic2004' on page 7 undefined on input line 39.
./complement.tex:39-40: LaTeX warning:
	Citation `HuXQuery08' on page 7 undefined on input line 39.
./complement.tex:40-40: LaTeX warning:
	Citation `BohannonPierceVaughan' on page 7 undefined on input line 40.
./complement.tex:40-45: LaTeX warning:
	Citation `Hidaka10' on page 7 undefined on input line 40.
./complement.tex:45-45: LaTeX warning:
	Citation `Stevens07' on page 7 undefined on input line 45.
./complement.tex:45-45: LaTeX warning:
	Citation `HuModels07' on page 7 undefined on input line 45.
./complement.tex:45-45: LaTeX warning:
	Citation `stevens2008lbm' on page 7 undefined on input line 45.
./complement.tex:45-45: LaTeX warning:
	Citation `DBLP:conf/models/Diskin08' on page 7 undefined on input line 45.
./complement.tex:45-45: LaTeX warning:
	Citation `diskin2008algebraic' on page 7 undefined on input line 45.
./complement.tex:45-45: LaTeX warning:
	Citation `diskin2009model' on page 7 undefined on input line 45.
./complement.tex:45-45: LaTeX warning:
	Citation `hidaka2009compositional' on page 7 undefined on input line 45.
./complement.tex:45-65: LaTeX warning:
	Citation `hidaka2009towards' on page 7 undefined on input line 45.
./complement.tex:65-65: LaTeX warning:
	Citation `Meertens98' on page 7 undefined on input line 65.
./complement.tex:65-65: LaTeX warning:
	Citation `stevens2008tat' on page 7 undefined on input line 65.
./complement.tex:65-90: LaTeX warning:
	Citation `DBLP:conf/models/Diskin08' on page 7 undefined on input line 65.
./complement.tex:90-91: LaTeX warning:
	Citation `Boomerang07' on page 8 undefined on input line 90.
./complement.tex:91-128: LaTeX warning:
	Citation `Focal2005-shortcite' on page 8 undefined on input line 91.
./complement.tex:128-210: LaTeX warning:
	Citation `1195941' on page 9 undefined on input line 128.
./complement.tex:210-211: LaTeX warning:
	Citation `DBLP:journals/tods/BancilhonS81' on page 11 undefined on input line 210.
./complement.tex:211-212: LaTeX warning:
	Citation `Matching10' on page 11 undefined on input line 211.
./complement.tex:212-735: LaTeX warning:
	Citation `matsuda2007btb' on page 11 undefined on input line 212.
./complement.tex:212-735: pgf warning:
	File "pdf/symmetric-minus" not found when defining image "pgflastimage".
	Tried all extensions in ".pdf:.jpg:.jpeg:.png:" on input line 323.
./complement.tex:212-735: pgf warning:
	Missing width for image "pgflastimage" ("pdf/symmetric-minus") in draft mode.
	Using 1cm instead on input line 323.
./complement.tex:212-735: pgf warning:
	Missing height for image "pgflastimage" ("pdf/symmetric-minus") in draft mode.
	Using 1cm instead on input line 323.
./complement.tex:212-735: pgf warning:
	File "pdf/symmetric" not found when defining image "pgflastimage".
	Tried all extensions in ".pdf:.jpg:.jpeg:.png:" on input line 327.
./complement.tex:212-735: pgf warning:
	Missing width for image "pgflastimage" ("pdf/symmetric") in draft mode.
	Using 1cm instead on input line 327.
./complement.tex:212-735: pgf warning:
	Missing height for image "pgflastimage" ("pdf/symmetric") in draft mode.
	Using 1cm instead on input line 327.
./complement.tex:212-735: pgf warning:
	File "pdf/symmetric-edit" not found when defining image "pgflastimage".
	Tried all extensions in ".pdf:.jpg:.jpeg:.png:" on input line 332.
./complement.tex:212-735: pgf warning:
	Missing width for image "pgflastimage" ("pdf/symmetric-edit") in draft mode.
	Using 1cm instead on input line 332.
./complement.tex:212-735: pgf warning:
	Missing height for image "pgflastimage" ("pdf/symmetric-edit") in draft mode.
	Using 1cm instead on input line 332.
./complement.tex:212-735: pgf warning:
	File "pdf/symmetric-propagatex" not found when defining image "pgflastimage".
	Tried all extensions in ".pdf:.jpg:.jpeg:.png:" on input line 336.
./complement.tex:212-735: pgf warning:
	Missing width for image "pgflastimage" ("pdf/symmetric-propagatex") in draft mode.
	Using 1cm instead on input line 336.
./complement.tex:212-735: pgf warning:
	Missing height for image "pgflastimage" ("pdf/symmetric-propagatex") in draft mode.
	Using 1cm instead on input line 336.
./complement.tex:212-735: pgf warning:
	File "pdf/symmetric-edit2" not found when defining image "pgflastimage".
	Tried all extensions in ".pdf:.jpg:.jpeg:.png:" on input line 341.
./complement.tex:212-735: pgf warning:
	Missing width for image "pgflastimage" ("pdf/symmetric-edit2") in draft mode.
	Using 1cm instead on input line 341.
./complement.tex:212-735: pgf warning:
	Missing height for image "pgflastimage" ("pdf/symmetric-edit2") in draft mode.
	Using 1cm instead on input line 341.
./complement.tex:212-735: pgf warning:
	File "pdf/symmetric-propagate2" not found when defining image "pgflastimage".
	Tried all extensions in ".pdf:.jpg:.jpeg:.png:" on input line 345.
./complement.tex:212-735: pgf warning:
	Missing width for image "pgflastimage" ("pdf/symmetric-propagate2") in draft mode.
	Using 1cm instead on input line 345.
./complement.tex:212-735: pgf warning:
	Missing height for image "pgflastimage" ("pdf/symmetric-propagate2") in draft mode.
	Using 1cm instead on input line 345.
./complement.tex:212-735: pgf warning:
	File "pdf/sums1" not found when defining image "pgflastimage".
	Tried all extensions in ".pdf:.jpg:.jpeg:.png:" on input line 581.
./complement.tex:212-735: pgf warning:
	Missing width for image "pgflastimage" ("pdf/sums1") in draft mode.
	Using 1cm instead on input line 581.
./complement.tex:212-735: pgf warning:
	Missing height for image "pgflastimage" ("pdf/sums1") in draft mode.
	Using 1cm instead on input line 581.
./complement.tex:212-735: pgf warning:
	File "pdf/sums2" not found when defining image "pgflastimage".
	Tried all extensions in ".pdf:.jpg:.jpeg:.png:" on input line 583.
./complement.tex:212-735: pgf warning:
	Missing width for image "pgflastimage" ("pdf/sums2") in draft mode.
	Using 1cm instead on input line 583.
./complement.tex:212-735: pgf warning:
	Missing height for image "pgflastimage" ("pdf/sums2") in draft mode.
	Using 1cm instead on input line 583.
./complement.tex:212-735: pgf warning:
	File "pdf/sums3" not found when defining image "pgflastimage".
	Tried all extensions in ".pdf:.jpg:.jpeg:.png:" on input line 588.
./complement.tex:212-735: pgf warning:
	Missing width for image "pgflastimage" ("pdf/sums3") in draft mode.
	Using 1cm instead on input line 588.
./complement.tex:212-735: pgf warning:
	Missing height for image "pgflastimage" ("pdf/sums3") in draft mode.
	Using 1cm instead on input line 588.
./complement.tex:212-735: pgf warning:
	File "pdf/sums4" not found when defining image "pgflastimage".
	Tried all extensions in ".pdf:.jpg:.jpeg:.png:" on input line 590.
./complement.tex:212-735: pgf warning:
	Missing width for image "pgflastimage" ("pdf/sums4") in draft mode.
	Using 1cm instead on input line 590.
./complement.tex:212-735: pgf warning:
	Missing height for image "pgflastimage" ("pdf/sums4") in draft mode.
	Using 1cm instead on input line 590.
./complement.tex:735-735: LaTeX warning:
	Citation `Boomerang07' on page 21 undefined on input line 735.
./complement.tex:735-747: LaTeX warning:
	Citation `Matching10' on page 21 undefined on input line 735.
./complement.tex:747-914: LaTeX warning:
	Citation `Matching10' on page 21 undefined on input line 747.
./complement.tex:1743-1783: LaTeX warning:
	Citation `AbrTze09' on page 46 undefined on input line 1743.
./complement.tex:2028-2038: LaTeX warning:
	Citation `Focal2005-shortcite' on page 54 undefined on input line 2028.
./complement.tex:3054-3054: LaTeX warning:
	Citation `Focal2005-shortcite' on page 81 undefined on input line 3054.
./complement.tex:3054-3073: LaTeX warning:
	Citation `Boomerang07' on page 81 undefined on input line 3054.
./complement.tex:3132-3220: LaTeX warning:
	Citation `meijer1991functional' on page 83 undefined on input line 3132.
./complement.tex:3220-3302: LaTeX warning:
	Citation `vene2000categorical' on page 84 undefined on input line 3220.
./complement.tex:3535-3589: LaTeX warning:
	Citation `meijer1991functional' on page 92 undefined on input line 3535.
./complement.tex:3912-3913: LaTeX warning:
	Citation `abbott2003categories' on page 97 undefined on input line 3912.
./complement.tex:3913-3915: LaTeX warning:
	Citation `hasegawa2002two' on page 97 undefined on input line 3913.
./complement.tex:3915-3916: LaTeX warning:
	Citation `joyal1986foncteurs' on page 97 undefined on input line 3915.
./complement.tex:3916-4019: LaTeX warning:
	Citation `DBLP:conf/esop/JayC94' on page 97 undefined on input line 3916.
./complement.tex:4218-4217: LaTeX warning:
	Citation `Boomerang07' on page 106 undefined on input line 4218.
./complement.tex:5120-5120: LaTeX warning:
	Citation `FosterThesis' on page 122 undefined on input line 5120.
./complement.tex:5120-5122: LaTeX warning:
	Citation `DBLP:conf/icmt/CzarneckiFHLST09' on page 122 undefined on input line 5120.
./complement.tex:5122-5123: LaTeX warning:
	Citation `Focal2005-shortcite' on page 122 undefined on input line 5122.
./complement.tex:5123-5126: LaTeX warning:
	Citation `HofmannPierceWagner10' on page 122 undefined on input line 5123.
./complement.tex:5126-5127: LaTeX warning:
	Citation `Meertens98' on page 122 undefined on input line 5126.
./complement.tex:5127-5128: LaTeX warning:
	Citation `Stevens07' on page 122 undefined on input line 5127.
./complement.tex:5128-5129: LaTeX warning:
	Citation `DBLP:conf/models/Diskin08' on page 122 undefined on input line 5128.
./complement.tex:5129-5125: LaTeX warning:
	Citation `xiong2009supporting' on page 122 undefined on input line 5129.
./complement.tex:5196-5199: LaTeX warning:
	Citation `matsuda2007btb' on page 124 undefined on input line 5196.
./complement.tex:5199-5200: LaTeX warning:
	Citation `Focal2005-shortcite' on page 124 undefined on input line 5199.
./complement.tex:5200-5204: LaTeX warning:
	Citation `updatable-security-views' on page 124 undefined on input line 5200.
./complement.tex:5204-5254: LaTeX warning:
	Citation `Focal2005-shortcite' on page 124 undefined on input line 5204.
./complement.tex:5254-5340: LaTeX warning:
	Citation `Boomerang07' on page 125 undefined on input line 5254.
./complement.tex:5340-5340: LaTeX warning:
	Citation `Boomerang07' on page 128 undefined on input line 5340.
./complement.tex:5340-?: LaTeX warning:
	Citation `Matching10' on page 128 undefined on input line 5340.
./delta.tex:10-12: LaTeX warning:
	Citation `Focal2005' on page 130 undefined on input line 10.
./delta.tex:12-12: LaTeX warning:
	Citation `Stevens07' on page 130 undefined on input line 12.
./delta.tex:12-13: LaTeX warning:
	Citation `Focal2005' on page 130 undefined on input line 12.
./delta.tex:13-14: LaTeX warning:
	Citation `Meertens98' on page 130 undefined on input line 13.
./delta.tex:14-72: LaTeX warning:
	Citation `Augeas' on page 130 undefined on input line 14.
./delta.tex:72-75: LaTeX warning:
	Citation `1195941' on page 132 undefined on input line 72.
./delta.tex:75-84: LaTeX warning:
	Citation `Matching10' on page 132 undefined on input line 75.
./delta.tex:84-115: LaTeX warning:
	Citation `HofmannPierceWagner10' on page 132 undefined on input line 84.
./delta.tex:115-117: LaTeX warning:
	File `images/ex1-init.pdf' not found on input line 115.
./delta.tex:115-117: ! Package pdftex.def Error: File `images/ex1-init.pdf' not found.
./delta.tex:115-117: See the pdftex.def package documentation for explanation.
./delta.tex:115-117: Type  H <return>  for immediate help.
./delta.tex:115-117:  ...                                              
./delta.tex:115-117: l.115 ...graphics[width=75mm]{images/ex1-init.pdf}
./delta.tex:115-117:                                                    \\
./delta.tex:115-117: Using draft setting for this image.
./delta.tex:115-117: Try typing  <return>  to proceed.
./delta.tex:115-117: If that doesn't work, type  X <return>  to quit.
./delta.tex:117-119: LaTeX warning:
	File `images/ex1-1.pdf' not found on input line 117.
./delta.tex:117-119: ! Package pdftex.def Error: File `images/ex1-1.pdf' not found.
./delta.tex:117-119: See the pdftex.def package documentation for explanation.
./delta.tex:117-119: Type  H <return>  for immediate help.
./delta.tex:117-119:  ...                                              
./delta.tex:117-119: l.117 ...udegraphics[width=75mm]{images/ex1-1.pdf}
./delta.tex:117-119:                                                    \\
./delta.tex:117-119: Using draft setting for this image.
./delta.tex:117-119: Try typing  <return>  to proceed.
./delta.tex:117-119: If that doesn't work, type  X <return>  to quit.
./delta.tex:119-121: LaTeX warning:
	File `images/ex1-2.pdf' not found on input line 119.
./delta.tex:119-121: ! Package pdftex.def Error: File `images/ex1-2.pdf' not found.
./delta.tex:119-121: See the pdftex.def package documentation for explanation.
./delta.tex:119-121: Type  H <return>  for immediate help.
./delta.tex:119-121:  ...                                              
./delta.tex:119-121: l.119 ...udegraphics[width=75mm]{images/ex1-2.pdf}
./delta.tex:119-121:                                                    \\
./delta.tex:119-121: Using draft setting for this image.
./delta.tex:119-121: Try typing  <return>  to proceed.
./delta.tex:119-121: If that doesn't work, type  X <return>  to quit.
./delta.tex:121-123: LaTeX warning:
	File `images/ex1-3.pdf' not found on input line 121.
./delta.tex:121-123: ! Package pdftex.def Error: File `images/ex1-3.pdf' not found.
./delta.tex:121-123: See the pdftex.def package documentation for explanation.
./delta.tex:121-123: Type  H <return>  for immediate help.
./delta.tex:121-123:  ...                                              
./delta.tex:121-123: l.121 ...udegraphics[width=75mm]{images/ex1-3.pdf}
./delta.tex:121-123:                                                    \\
./delta.tex:121-123: Using draft setting for this image.
./delta.tex:121-123: Try typing  <return>  to proceed.
./delta.tex:121-123: If that doesn't work, type  X <return>  to quit.
./delta.tex:123-125: LaTeX warning:
	File `images/ex1-4.pdf' not found on input line 123.
./delta.tex:123-125: ! Package pdftex.def Error: File `images/ex1-4.pdf' not found.
./delta.tex:123-125: See the pdftex.def package documentation for explanation.
./delta.tex:123-125: Type  H <return>  for immediate help.
./delta.tex:123-125:  ...                                              
./delta.tex:123-125: l.123 ...udegraphics[width=75mm]{images/ex1-4.pdf}
./delta.tex:123-125:                                                    \\[-3ex]
./delta.tex:123-125: Using draft setting for this image.
./delta.tex:123-125: Try typing  <return>  to proceed.
./delta.tex:123-125: If that doesn't work, type  X <return>  to quit.
./delta.tex:125-133: LaTeX warning:
	File `images/ex1-5.pdf' not found on input line 125.
./delta.tex:125-133: ! Package pdftex.def Error: File `images/ex1-5.pdf' not found.
./delta.tex:125-133: See the pdftex.def package documentation for explanation.
./delta.tex:125-133: Type  H <return>  for immediate help.
./delta.tex:125-133:  ...                                              
./delta.tex:125-133: l.125 ...udegraphics[width=75mm]{images/ex1-5.pdf}
./delta.tex:125-133:                                                    \\
./delta.tex:125-133: Using draft setting for this image.
./delta.tex:125-133: Try typing  <return>  to proceed.
./delta.tex:125-133: If that doesn't work, type  X <return>  to quit.
./delta.tex:133-196: LaTeX warning:
	Float too large for page by 927.03618pt on input line 133.
./delta.tex:196-260: LaTeX warning:
	Citation `Matching10' on page 136 undefined on input line 196.
./delta.tex:260-260: LaTeX warning:
	Citation `HofmannPierceWagner10' on page 137 undefined on input line 260.
./delta.tex:260-260: LaTeX warning:
	Citation `Focal2005' on page 137 undefined on input line 260.
./delta.tex:260-309: LaTeX warning:
	Citation `Boomerang07' on page 137 undefined on input line 260.
./delta.tex:309-314: LaTeX warning:
	File `images/ex2-0.pdf' not found on input line 309.
./delta.tex:309-314: ! Package pdftex.def Error: File `images/ex2-0.pdf' not found.
./delta.tex:309-314: See the pdftex.def package documentation for explanation.
./delta.tex:309-314: Type  H <return>  for immediate help.
./delta.tex:309-314:  ...                                              
./delta.tex:309-314: l.309 ...udegraphics[width=75mm]{images/ex2-0.pdf}
./delta.tex:309-314:                                                    \\[.9ex]
./delta.tex:309-314: Using draft setting for this image.
./delta.tex:309-314: Try typing  <return>  to proceed.
./delta.tex:309-314: If that doesn't work, type  X <return>  to quit.
./delta.tex:314-317: LaTeX warning:
	File `images/ex2-1.pdf' not found on input line 314.
./delta.tex:314-317: ! Package pdftex.def Error: File `images/ex2-1.pdf' not found.
./delta.tex:314-317: See the pdftex.def package documentation for explanation.
./delta.tex:314-317: Type  H <return>  for immediate help.
./delta.tex:314-317:  ...                                              
./delta.tex:314-317: l.314 ...udegraphics[width=75mm]{images/ex2-1.pdf}
./delta.tex:314-317:                                                    \\
./delta.tex:314-317: Using draft setting for this image.
./delta.tex:314-317: Try typing  <return>  to proceed.
./delta.tex:314-317: If that doesn't work, type  X <return>  to quit.
./delta.tex:317-308: LaTeX warning:
	File `images/ex2-2.pdf' not found on input line 317.
./delta.tex:317-308: ! Package pdftex.def Error: File `images/ex2-2.pdf' not found.
./delta.tex:317-308: See the pdftex.def package documentation for explanation.
./delta.tex:317-308: Type  H <return>  for immediate help.
./delta.tex:317-308:  ...                                              
./delta.tex:317-308: l.317 ...udegraphics[width=75mm]{images/ex2-2.pdf}
./delta.tex:317-308:                                                    \\
./delta.tex:317-308: Using draft setting for this image.
./delta.tex:317-308: Try typing  <return>  to proceed.
./delta.tex:317-308: If that doesn't work, type  X <return>  to quit.
./delta.tex:323-476: LaTeX warning:
	Float too large for page by 204.74597pt on input line 323.
./delta.tex:476-546: LaTeX warning:
	Citation `stevens2008tat' on page 141 undefined on input line 476.
./delta.tex:546-581: LaTeX warning:
	Citation `Focal2005' on page 142 undefined on input line 546.
./delta.tex:581-692: LaTeX warning:
	Citation `HofmannPierceWagner10' on page 143 undefined on input line 581.
./delta.tex:692-752: LaTeX warning:
	Citation `HofmannPierceWagner10' on page 146 undefined on input line 692.
./delta.tex:752-914: LaTeX warning:
	Citation `HofmannPierceWagner10' on page 147 undefined on input line 752.
./delta.tex:1537-1539: LaTeX warning:
	Float too large for page by 187.23842pt on input line 1537.
./delta.tex:1539-1625: LaTeX warning:
	Citation `HofmannPierceWagner10' on page 168 undefined on input line 1539.
./delta.tex:1625-2259: LaTeX warning:
	Citation `HofmannPierceWagner10' on page 171 undefined on input line 1625.
./delta.tex:2580-2597: LaTeX warning:
	Float too large for page by 529.41048pt on input line 2580.
./delta.tex:2645-2674: LaTeX warning:
	Float too large for page by 74.48848pt on input line 2645.
./delta.tex:2674-2988: LaTeX warning:
	File `images/ex3-0.pdf' not found on input line 2674.
./delta.tex:2674-2988: ! Package pdftex.def Error: File `images/ex3-0.pdf' not found.
./delta.tex:2674-2988: See the pdftex.def package documentation for explanation.
./delta.tex:2674-2988: Type  H <return>  for immediate help.
./delta.tex:2674-2988:  ...                                              
./delta.tex:2674-2988: l.2674 ...degraphics[width=75mm]{images/ex3-0.pdf}
./delta.tex:2674-2988: Using draft setting for this image.
./delta.tex:2674-2988: Try typing  <return>  to proceed.
./delta.tex:2674-2988: If that doesn't work, type  X <return>  to quit.
./delta.tex:3426-3444: LaTeX warning:
	Citation `1195941' on page 201 undefined on input line 3426.
./delta.tex:3444-3454: LaTeX warning:
	Citation `HofmannPierceWagner10' on page 202 undefined on input line 3444.
./delta.tex:3454-3454: LaTeX warning:
	Citation `1195941' on page 202 undefined on input line 3454.
./delta.tex:3454-3460: LaTeX warning:
	Citation `HofmannPierceWagner10' on page 202 undefined on input line 3454.
./delta.tex:3460-3462: LaTeX warning:
	Citation `1195941' on page 202 undefined on input line 3460.
./delta.tex:3462-3651: LaTeX warning:
	Citation `HofmannPierceWagner10' on page 202 undefined on input line 3462.
./delta.tex:3813-3890: LaTeX warning:
	Float too large for page by 99.13847pt on input line 3813.
./delta.tex:3909-3919: LaTeX warning:
	File `images/restruct1.pdf' not found on input line 3909.
./delta.tex:3909-3919: ! Package pdftex.def Error: File `images/restruct1.pdf' not found.
./delta.tex:3909-3919: See the pdftex.def package documentation for explanation.
./delta.tex:3909-3919: Type  H <return>  for immediate help.
./delta.tex:3909-3919:  ...                                              
./delta.tex:3909-3919: l.3909 ...raphics[scale=.32]{images/restruct1.pdf}
./delta.tex:3909-3919: Using draft setting for this image.
./delta.tex:3909-3919: Try typing  <return>  to proceed.
./delta.tex:3909-3919: If that doesn't work, type  X <return>  to quit.
./delta.tex:3919-3920: wrapfig warning:
	Collision between wrapping environments on input line 3919.
./delta.tex:3920-3918: LaTeX warning:
	File `images/restruct2.pdf' not found on input line 3920.
./delta.tex:3920-3918: ! Package pdftex.def Error: File `images/restruct2.pdf' not found.
./delta.tex:3920-3918: See the pdftex.def package documentation for explanation.
./delta.tex:3920-3918: Type  H <return>  for immediate help.
./delta.tex:3920-3918:  ...                                              
./delta.tex:3920-3918: l.3920 ...raphics[scale=.32]{images/restruct2.pdf}
./delta.tex:3920-3918: Using draft setting for this image.
./delta.tex:3920-3918: Try typing  <return>  to proceed.
./delta.tex:3920-3918: If that doesn't work, type  X <return>  to quit.
./delta.tex:3921-3947: wrapfig warning:
	Stationary wrapfigure forced to float on input line 3921.
./delta.tex:3947-3948: wrapfig warning:
	Collision between wrapping environments on input line 3947.
./delta.tex:3948-3950: LaTeX warning:
	File `images/restruct3.pdf' not found on input line 3948.
./delta.tex:3948-3950: ! Package pdftex.def Error: File `images/restruct3.pdf' not found.
./delta.tex:3948-3950: See the pdftex.def package documentation for explanation.
./delta.tex:3948-3950: Type  H <return>  for immediate help.
./delta.tex:3948-3950:  ...                                              
./delta.tex:3948-3950: l.3948 ...raphics[scale=.32]{images/restruct3.pdf}
./delta.tex:3948-3950: Using draft setting for this image.
./delta.tex:3948-3950: Try typing  <return>  to proceed.
./delta.tex:3948-3950: If that doesn't work, type  X <return>  to quit.
./delta.tex:3950-4204: wrapfig warning:
	Stationary wrapfigure forced to float on input line 3950.
./delta.tex:4204-4464: LaTeX warning:
	Citation `HofmannPierceWagner10' on page 221 undefined on input line 4204.
./delta.tex:4464-4469: LaTeX warning:
	Citation `HofmannPierceWagner10' on page 229 undefined on input line 4464.
./delta.tex:4469-4548: LaTeX warning:
	Citation `HofmannPierceWagner10' on page 229 undefined on input line 4469.
./delta.tex:4640-4640: LaTeX warning:
	Citation `Diskin-Delta11' on page 233 undefined on input line 4640.
./delta.tex:4640-4838: LaTeX warning:
	Citation `Johnson11' on page 233 undefined on input line 4640.
./delta.tex:4838-4839: LaTeX warning:
	Citation `Diskin-Delta11' on page 234 undefined on input line 4838.
./delta.tex:4839-4856: LaTeX warning:
	Citation `Matching10' on page 234 undefined on input line 4839.
./delta.tex:4856-4898: LaTeX warning:
	Citation `Stevens07' on page 234 undefined on input line 4856.
./delta.tex:4898-4905: LaTeX warning:
	Citation `Meertens98' on page 235 undefined on input line 4898.
./delta.tex:4905-4905: LaTeX warning:
	Citation `Hu04' on page 235 undefined on input line 4905.
./delta.tex:4905-4905: LaTeX warning:
	Citation `Mu2004' on page 235 undefined on input line 4905.
./delta.tex:4905-4905: LaTeX warning:
	Citation `MuAlgebraic2004' on page 235 undefined on input line 4905.
./delta.tex:4905-4905: LaTeX warning:
	Citation `HuModels07' on page 235 undefined on input line 4905.
./delta.tex:4905-4912: LaTeX warning:
	Citation `Hidaka10' on page 235 undefined on input line 4905.
./delta.tex:4912-4959: LaTeX warning:
	Citation `Matching10' on page 235 undefined on input line 4912.
./delta.tex:4959-?: LaTeX warning:
	Citation `Boomerang07' on page 236 undefined on input line 4959.
./paper.tex:36-?: LaTeX warning:
	There were undefined references.
?-2: For some reason, the log-file parser noticed an extra 'close file' marker here.
	It's possible that the filenames and line numbers reported near this are wrong.
	This is likely a bug -- you should report it and include your log file!
2-2: (\end occurred when \iftrue on line 2 was incomplete) 
2-?: </usr/share/texlive/texmf-
