./skeleton_dissertation.tex:?-36: No file paper.aux.
./skeleton_dissertation.tex:36-123: No file paper.toc.
./complement.tex:22-22: LaTeX warning:
	Citation `FosterThesis' on page 7 undefined on input line 22.
./complement.tex:22-25: LaTeX warning:
	Citation `DBLP:conf/icmt/CzarneckiFHLST09' on page 7 undefined on input line 22.
./complement.tex:25-29: LaTeX warning:
	Citation `augeas' on page 7 undefined on input line 25.
./complement.tex:29-35: LaTeX warning:
	Citation `Focal2005-shortcite' on page 7 undefined on input line 29.
./complement.tex:35-35: LaTeX warning:
	Citation `Boomerang07' on page 7 undefined on input line 35.
./complement.tex:35-35: LaTeX warning:
	Citation `QuotientLenses08' on page 7 undefined on input line 35.
./complement.tex:35-35: LaTeX warning:
	Citation `updatable-security-views' on page 7 undefined on input line 35.
./complement.tex:35-39: LaTeX warning:
	Citation `Matching10' on page 7 undefined on input line 35.
./complement.tex:39-39: LaTeX warning:
	Citation `Focal2005-shortcite' on page 7 undefined on input line 39.
./complement.tex:39-39: LaTeX warning:
	Citation `Hu04' on page 7 undefined on input line 39.
./complement.tex:39-39: LaTeX warning:
	Citation `MuAlgebraic2004' on page 7 undefined on input line 39.
./complement.tex:39-40: LaTeX warning:
	Citation `HuXQuery08' on page 7 undefined on input line 39.
./complement.tex:40-40: LaTeX warning:
	Citation `BohannonPierceVaughan' on page 7 undefined on input line 40.
./complement.tex:40-45: LaTeX warning:
	Citation `Hidaka10' on page 7 undefined on input line 40.
./complement.tex:45-45: LaTeX warning:
	Citation `Stevens07' on page 7 undefined on input line 45.
./complement.tex:45-45: LaTeX warning:
	Citation `HuModels07' on page 7 undefined on input line 45.
./complement.tex:45-45: LaTeX warning:
	Citation `stevens2008lbm' on page 7 undefined on input line 45.
./complement.tex:45-45: LaTeX warning:
	Citation `DBLP:conf/models/Diskin08' on page 7 undefined on input line 45.
./complement.tex:45-45: LaTeX warning:
	Citation `diskin2008algebraic' on page 7 undefined on input line 45.
./complement.tex:45-45: LaTeX warning:
	Citation `diskin2009model' on page 7 undefined on input line 45.
./complement.tex:45-45: LaTeX warning:
	Citation `hidaka2009compositional' on page 7 undefined on input line 45.
./complement.tex:45-62: LaTeX warning:
	Citation `hidaka2009towards' on page 7 undefined on input line 45.
./complement.tex:62-65: LaTeX warning:
	Reference `symm' on page 7 undefined on input line 62.
./complement.tex:65-65: LaTeX warning:
	Citation `Meertens98' on page 7 undefined on input line 65.
./complement.tex:65-65: LaTeX warning:
	Citation `stevens2008tat' on page 7 undefined on input line 65.
./complement.tex:65-67: LaTeX warning:
	Citation `DBLP:conf/models/Diskin08' on page 7 undefined on input line 65.
./complement.tex:67-72: LaTeX warning:
	Reference `sec:relwork' on page 7 undefined on input line 67.
./complement.tex:72-86: LaTeX warning:
	Reference `equiv' on page 7 undefined on input line 72.
./complement.tex:86-87: LaTeX warning:
	Reference `basic' on page 8 undefined on input line 86.
./complement.tex:87-87: LaTeX warning:
	Reference `prod' on page 8 undefined on input line 87.
./complement.tex:87-90: LaTeX warning:
	Reference `sumlist' on page 8 undefined on input line 87.
./complement.tex:90-91: LaTeX warning:
	Citation `Boomerang07' on page 8 undefined on input line 90.
./complement.tex:91-101: LaTeX warning:
	Citation `Focal2005-shortcite' on page 8 undefined on input line 91.
./complement.tex:101-125: LaTeX warning:
	Reference `iter' on page 8 undefined on input line 101.
./complement.tex:125-128: LaTeX warning:
	Reference `contain' on page 9 undefined on input line 125.
./complement.tex:128-151: LaTeX warning:
	Citation `1195941' on page 9 undefined on input line 128.
./complement.tex:151-159: LaTeX warning:
	Reference `asymm' on page 9 undefined on input line 151.
./complement.tex:159-159: LaTeX warning:
	Reference `sec:relwork' on page 10 undefined on input line 159.
./complement.tex:159-171: LaTeX warning:
	Reference `future' on page 10 undefined on input line 159.
./complement.tex:171-210: LaTeX warning:
	Reference `sec:relwork' on page 10 undefined on input line 171.
./complement.tex:210-211: LaTeX warning:
	Citation `DBLP:journals/tods/BancilhonS81' on page 11 undefined on input line 210.
./complement.tex:211-212: LaTeX warning:
	Citation `Matching10' on page 11 undefined on input line 211.
./complement.tex:212-469: LaTeX warning:
	Citation `matsuda2007btb' on page 11 undefined on input line 212.
./complement.tex:469-501: LaTeX warning:
	Reference `fig:symm' on page 15 undefined on input line 469.
./complement.tex:501-598: LaTeX warning:
	Reference `fig:symm' on page 15 undefined on input line 501.
./complement.tex:598-682: LaTeX warning:
	Reference `fig:sums' on page 18 undefined on input line 598.
./complement.tex:682-735: LaTeX warning:
	Reference `lists' on page 21 undefined on input line 682.
./complement.tex:735-735: LaTeX warning:
	Citation `Boomerang07' on page 22 undefined on input line 735.
./complement.tex:735-747: LaTeX warning:
	Citation `Matching10' on page 22 undefined on input line 735.
./complement.tex:747-749: LaTeX warning:
	Citation `Matching10' on page 22 undefined on input line 747.
./complement.tex:749-914: LaTeX warning:
	Reference `future' on page 22 undefined on input line 749.
./complement.tex:1003-1004: LaTeX warning:
	Reference `cg:def' on page 29 undefined on input line 1003.
./complement.tex:1004-1005: LaTeX warning:
	Reference `cg:putrll' on page 29 undefined on input line 1004.
./complement.tex:1005-1006: LaTeX warning:
	Reference `cg:computel' on page 29 undefined on input line 1005.
./complement.tex:1006-1007: LaTeX warning:
	Reference `cg:putrlk' on page 29 undefined on input line 1006.
./complement.tex:1007-1030: LaTeX warning:
	Reference `cg:computek' on page 29 undefined on input line 1007.
./complement.tex:1030-1186: LaTeX warning:
	Reference `CPE' on page 30 undefined on input line 1030.
./complement.tex:1273-1274: LaTeX warning:
	Reference `singleton_id' on page 35 undefined on input line 1273.
./complement.tex:1274-1319: LaTeX warning:
	Reference `trivial_complement_bijection' on page 35 undefined on input line 1274.
./complement.tex:1526-1537: LaTeX warning:
	Reference `conuni' on page 42 undefined on input line 1526.
./complement.tex:1632-1633: LaTeX warning:
	Reference `conuni' on page 45 undefined on input line 1632.
./complement.tex:1633-1642: LaTeX warning:
	Reference `conuni' on page 45 undefined on input line 1633.
./complement.tex:1642-1674: LaTeX warning:
	Reference `conuni' on page 46 undefined on input line 1642.
./complement.tex:1743-1755: LaTeX warning:
	Citation `AbrTze09' on page 47 undefined on input line 1743.
./complement.tex:1755-1755: LaTeX warning:
	Reference `beta_1' on page 48 undefined on input line 1755.
./complement.tex:1755-1759: LaTeX warning:
	Reference `beta_2' on page 48 undefined on input line 1755.
./complement.tex:1759-1783: LaTeX warning:
	Reference `beta_3' on page 48 undefined on input line 1759.
./complement.tex:1848-1933: LaTeX warning:
	Reference `singleton_id' on page 50 undefined on input line 1848.
./complement.tex:1933-1954: LaTeX warning:
	Reference `future' on page 52 undefined on input line 1933.
./complement.tex:1954-1965: LaTeX warning:
	Reference `lemma:bij_product' on page 53 undefined on input line 1954.
./complement.tex:2028-2038: LaTeX warning:
	Citation `Focal2005-shortcite' on page 55 undefined on input line 2028.
./complement.tex:2101-2102: LaTeX warning:
	Reference `self_duality' on page 58 undefined on input line 2101.
./complement.tex:2102-2169: LaTeX warning:
	Reference `noprod' on page 58 undefined on input line 2102.
./complement.tex:2169-2210: LaTeX warning:
	Reference `symm' on page 59 undefined on input line 2169.
./complement.tex:2277-2351: LaTeX warning:
	Reference `singleton_id' on page 62 undefined on input line 2277.
./complement.tex:2585-2606: LaTeX warning:
	Reference `lemma:bij_sum' on page 71 undefined on input line 2585.
./complement.tex:3051-3054: LaTeX warning:
	Reference `symm' on page 82 undefined on input line 3051.
./complement.tex:3054-3054: LaTeX warning:
	Citation `Focal2005-shortcite' on page 82 undefined on input line 3054.
./complement.tex:3054-3073: LaTeX warning:
	Citation `Boomerang07' on page 82 undefined on input line 3054.
./complement.tex:3132-3220: LaTeX warning:
	Citation `meijer1991functional' on page 84 undefined on input line 3132.
./complement.tex:3220-3222: LaTeX warning:
	Citation `vene2000categorical' on page 85 undefined on input line 3220.
./complement.tex:3222-3302: LaTeX warning:
	Reference `listiter' on page 85 undefined on input line 3222.
./complement.tex:3334-3354: LaTeX warning:
	Reference `listiter' on page 88 undefined on input line 3334.
./complement.tex:3535-3549: LaTeX warning:
	Citation `meijer1991functional' on page 93 undefined on input line 3535.
./complement.tex:3549-3550: LaTeX warning:
	Reference `listiter' on page 94 undefined on input line 3549.
./complement.tex:3550-3553: LaTeX warning:
	Reference `hylo' on page 94 undefined on input line 3550.
./complement.tex:3553-3564: LaTeX warning:
	Reference `contain' on page 94 undefined on input line 3553.
./complement.tex:3564-3589: LaTeX warning:
	Reference `listiter' on page 95 undefined on input line 3564.
./complement.tex:3600-3912: LaTeX warning:
	Reference `hylo' on page 96 undefined on input line 3600.
./complement.tex:3912-3913: LaTeX warning:
	Citation `abbott2003categories' on page 98 undefined on input line 3912.
./complement.tex:3913-3915: LaTeX warning:
	Citation `hasegawa2002two' on page 98 undefined on input line 3913.
./complement.tex:3915-3916: LaTeX warning:
	Citation `joyal1986foncteurs' on page 98 undefined on input line 3915.
./complement.tex:3916-4019: LaTeX warning:
	Citation `DBLP:conf/esop/JayC94' on page 98 undefined on input line 3916.
./complement.tex:4132-4162: LaTeX warning:
	Reference `iter' on page 104 undefined on input line 4132.
./complement.tex:4162-4179: LaTeX warning:
	Reference `symm' on page 105 undefined on input line 4162.
./complement.tex:4218-4217: LaTeX warning:
	Citation `Boomerang07' on page 107 undefined on input line 4218.
./complement.tex:4670-4687: LaTeX warning:
	Reference `asymmetrization_of_lenses' on page 121 undefined on input line 4670.
./complement.tex:5120-5120: LaTeX warning:
	Citation `FosterThesis' on page 123 undefined on input line 5120.
./complement.tex:5120-5122: LaTeX warning:
	Citation `DBLP:conf/icmt/CzarneckiFHLST09' on page 123 undefined on input line 5120.
./complement.tex:5122-5123: LaTeX warning:
	Citation `Focal2005-shortcite' on page 123 undefined on input line 5122.
./complement.tex:5123-5126: LaTeX warning:
	Citation `HofmannPierceWagner10' on page 123 undefined on input line 5123.
./complement.tex:5126-5127: LaTeX warning:
	Citation `Meertens98' on page 123 undefined on input line 5126.
./complement.tex:5127-5128: LaTeX warning:
	Citation `Stevens07' on page 123 undefined on input line 5127.
./complement.tex:5128-5129: LaTeX warning:
	Citation `DBLP:conf/models/Diskin08' on page 123 undefined on input line 5128.
./complement.tex:5129-5125: LaTeX warning:
	Citation `xiong2009supporting' on page 123 undefined on input line 5129.
./complement.tex:5196-5199: LaTeX warning:
	Citation `matsuda2007btb' on page 125 undefined on input line 5196.
./complement.tex:5199-5200: LaTeX warning:
	Citation `Focal2005-shortcite' on page 125 undefined on input line 5199.
./complement.tex:5200-5204: LaTeX warning:
	Citation `updatable-security-views' on page 125 undefined on input line 5200.
./complement.tex:5204-5252: LaTeX warning:
	Citation `Focal2005-shortcite' on page 125 undefined on input line 5204.
./complement.tex:5252-5252: LaTeX warning:
	Reference `basic' on page 126 undefined on input line 5252.
./complement.tex:5252-5254: LaTeX warning:
	Reference `sumlist' on page 126 undefined on input line 5252.
./complement.tex:5254-5285: LaTeX warning:
	Citation `Boomerang07' on page 126 undefined on input line 5254.
./complement.tex:5285-5336: LaTeX warning:
	Reference `concatprime' on page 127 undefined on input line 5285.
./complement.tex:5336-5340: LaTeX warning:
	Reference `firstalign' on page 129 undefined on input line 5336.
./complement.tex:5340-5340: LaTeX warning:
	Citation `Boomerang07' on page 129 undefined on input line 5340.
./complement.tex:5340-?: LaTeX warning:
	Citation `Matching10' on page 129 undefined on input line 5340.
./delta.tex:10-12: LaTeX warning:
	Citation `Focal2005' on page 131 undefined on input line 10.
./delta.tex:12-12: LaTeX warning:
	Citation `Stevens07' on page 131 undefined on input line 12.
./delta.tex:12-13: LaTeX warning:
	Citation `Focal2005' on page 131 undefined on input line 12.
./delta.tex:13-14: LaTeX warning:
	Citation `Meertens98' on page 131 undefined on input line 13.
./delta.tex:14-62: LaTeX warning:
	Citation `Augeas' on page 131 undefined on input line 14.
./delta.tex:62-68: LaTeX warning:
	Reference `sec:semantics' on page 133 undefined on input line 62.
./delta.tex:68-72: LaTeX warning:
	Reference `sec:combinators' on page 133 undefined on input line 68.
./delta.tex:72-73: LaTeX warning:
	Citation `1195941' on page 133 undefined on input line 72.
./delta.tex:73-75: LaTeX warning:
	Reference `sec:containers' on page 133 undefined on input line 73.
./delta.tex:75-79: LaTeX warning:
	Citation `Matching10' on page 133 undefined on input line 75.
./delta.tex:79-84: LaTeX warning:
	Reference `sec:monoid-laws' on page 133 undefined on input line 79.
./delta.tex:84-85: LaTeX warning:
	Citation `HofmannPierceWagner10' on page 133 undefined on input line 84.
./delta.tex:85-91: LaTeX warning:
	Reference `stateb' on page 133 undefined on input line 85.
./delta.tex:91-92: LaTeX warning:
	Reference `cats' on page 133 undefined on input line 91.
./delta.tex:92-93: LaTeX warning:
	Reference `sec:related' on page 133 undefined on input line 92.
./delta.tex:93-115: LaTeX warning:
	Reference `sec:concl' on page 133 undefined on input line 93.
./delta.tex:133-138: LaTeX warning:
	Float too large for page by 4.64713pt on input line 133.
./delta.tex:138-161: LaTeX warning:
	Reference `fig:example-simple' on page 134 undefined on input line 138.
./delta.tex:161-182: LaTeX warning:
	Reference `sec:containers' on page 134 undefined on input line 161.
./delta.tex:182-196: LaTeX warning:
	Reference `fig:example-simple' on page 136 undefined on input line 182.
./delta.tex:196-260: LaTeX warning:
	Citation `Matching10' on page 137 undefined on input line 196.
./delta.tex:260-260: LaTeX warning:
	Citation `HofmannPierceWagner10' on page 138 undefined on input line 260.
./delta.tex:260-260: LaTeX warning:
	Citation `Focal2005' on page 138 undefined on input line 260.
./delta.tex:260-309: LaTeX warning:
	Citation `Boomerang07' on page 138 undefined on input line 260.
./delta.tex:329-450: LaTeX warning:
	Reference `fig:example-partition' on page 138 undefined on input line 329.
./delta.tex:450-452: LaTeX warning:
	Reference `sec:monoid-laws' on page 141 undefined on input line 450.
./delta.tex:452-476: LaTeX warning:
	Reference `sec:examples' on page 141 undefined on input line 452.
./delta.tex:476-480: LaTeX warning:
	Citation `stevens2008tat' on page 142 undefined on input line 476.
./delta.tex:480-546: LaTeX warning:
	Reference `sec:monoid-laws' on page 142 undefined on input line 480.
./delta.tex:546-547: LaTeX warning:
	Citation `Focal2005' on page 143 undefined on input line 546.
./delta.tex:547-575: LaTeX warning:
	Reference `nofail' on page 143 undefined on input line 547.
./delta.tex:575-581: LaTeX warning:
	Reference `sec:examples' on page 144 undefined on input line 575.
./delta.tex:581-692: LaTeX warning:
	Citation `HofmannPierceWagner10' on page 144 undefined on input line 581.
./delta.tex:692-752: LaTeX warning:
	Citation `HofmannPierceWagner10' on page 147 undefined on input line 692.
./delta.tex:752-914: LaTeX warning:
	Citation `HofmannPierceWagner10' on page 148 undefined on input line 752.
./delta.tex:1042-1126: LaTeX warning:
	Reference `eqchar' on page 155 undefined on input line 1042.
./delta.tex:1257-1298: LaTeX warning:
	Reference `sec:examples' on page 162 undefined on input line 1257.
./delta.tex:1341-1358: LaTeX warning:
	Reference `thm:bisim' on page 164 undefined on input line 1341.
./delta.tex:1358-1359: LaTeX warning:
	Reference `sec:containers' on page 165 undefined on input line 1358.
./delta.tex:1359-1425: LaTeX warning:
	Reference `sec:monoid-laws' on page 165 undefined on input line 1359.
./delta.tex:1461-1471: LaTeX warning:
	Reference `thm:bisim' on page 168 undefined on input line 1461.
./delta.tex:1488-1528: LaTeX warning:
	Reference `sec:monoid-laws' on page 168 undefined on input line 1488.
./delta.tex:1533-1537: LaTeX warning:
	Reference `fig:definition-sum' on page 169 undefined on input line 1533.
./delta.tex:1537-1539: LaTeX warning:
	Float too large for page by 187.23842pt on input line 1537.
./delta.tex:1539-1549: LaTeX warning:
	Citation `HofmannPierceWagner10' on page 169 undefined on input line 1539.
./delta.tex:1549-1581: LaTeX warning:
	Reference `footnoteseven' on page 169 undefined on input line 1549.
./delta.tex:1581-1625: LaTeX warning:
	Reference `sec:monoid-laws' on page 171 undefined on input line 1581.
./delta.tex:1625-1636: LaTeX warning:
	Citation `HofmannPierceWagner10' on page 172 undefined on input line 1625.
./delta.tex:1636-2259: LaTeX warning:
	Reference `fig:definition-sum' on page 172 undefined on input line 1636.
./delta.tex:2264-2282: LaTeX warning:
	Reference `fig:definition-map' on page 173 undefined on input line 2264.
./delta.tex:2282-2283: LaTeX warning:
	Reference `sec:containers' on page 173 undefined on input line 2282.
./delta.tex:2283-2323: LaTeX warning:
	Reference `sec:examples' on page 173 undefined on input line 2283.
./delta.tex:2323-2399: LaTeX warning:
	Reference `fig:definition-map' on page 175 undefined on input line 2323.
./delta.tex:2578-2580: LaTeX warning:
	Reference `fig:definition-partition' on page 179 undefined on input line 2578.
./delta.tex:2580-2597: LaTeX warning:
	Float too large for page by 529.41048pt on input line 2580.
./delta.tex:2643-2645: LaTeX warning:
	Reference `fig:definition-partition-supplementary' on page 179 undefined on input line 2643.
./delta.tex:2645-2648: LaTeX warning:
	Float too large for page by 74.48848pt on input line 2645.
./delta.tex:2648-2649: LaTeX warning:
	Reference `fig:definition-partition' on page 179 undefined on input line 2648.
./delta.tex:2649-2651: LaTeX warning:
	Reference `fig:definition-partition-supplementary' on page 179 undefined on input line 2649.
./delta.tex:2651-2665: LaTeX warning:
	Reference `sec:examples' on page 179 undefined on input line 2651.
./delta.tex:2665-2674: LaTeX warning:
	Reference `fig:triple-partition' on page 179 undefined on input line 2665.
./delta.tex:2723-2724: LaTeX warning:
	Reference `refrmodstay' on page 179 undefined on input line 2723.
./delta.tex:2724-2734: LaTeX warning:
	Reference `fig:definition-partition' on page 179 undefined on input line 2724.
./delta.tex:2734-2749: LaTeX warning:
	Reference `fig:definition-partition-supplementary' on page 179 undefined on input line 2734.
./delta.tex:2749-2762: LaTeX warning:
	Reference `refrmodswitch' on page 180 undefined on input line 2749.
./delta.tex:2762-2803: LaTeX warning:
	Reference `fig:definition-partition-supplementary' on page 180 undefined on input line 2762.
./delta.tex:2803-2848: LaTeX warning:
	Reference `reflreorder' on page 182 undefined on input line 2803.
./delta.tex:2848-2913: LaTeX warning:
	Reference `refrreorder' on page 183 undefined on input line 2848.
./delta.tex:2913-2981: LaTeX warning:
	Reference `lemma:high-level-delete' on page 185 undefined on input line 2913.
./delta.tex:2981-2982: LaTeX warning:
	Reference `fig:definition-partition' on page 187 undefined on input line 2981.
./delta.tex:2982-2988: LaTeX warning:
	Reference `fig:definition-partition-supplementary' on page 187 undefined on input line 2982.
./delta.tex:2988-3014: LaTeX warning:
	Reference `defn:lens' on page 187 undefined on input line 2988.
./delta.tex:3014-3021: LaTeX warning:
	Reference `refrmodbigp' on page 188 undefined on input line 3014.
./delta.tex:3021-3035: LaTeX warning:
	Reference `refrmodempty' on page 188 undefined on input line 3021.
./delta.tex:3035-3047: LaTeX warning:
	Reference `refrmodcons' on page 188 undefined on input line 3035.
./delta.tex:3047-3050: LaTeX warning:
	Reference `lemma:unfold-mod-once' on page 189 undefined on input line 3047.
./delta.tex:3050-3046: LaTeX warning:
	Reference `eq:IH-1' on page 189 undefined on input line 3050.
./delta.tex:3054-3056: LaTeX warning:
	Reference `eq:IH-2' on page 189 undefined on input line 3054.
./delta.tex:3056-3061: LaTeX warning:
	Reference `lemma:unfold-mod-once' on page 189 undefined on input line 3056.
./delta.tex:3061-3105: LaTeX warning:
	Reference `refrmodswitch' on page 189 undefined on input line 3061.
./delta.tex:3105-3106: LaTeX warning:
	Reference `lemma:high-level-delete' on page 191 undefined on input line 3105.
./delta.tex:3106-3115: LaTeX warning:
	Reference `lemma:high-level-insert' on page 191 undefined on input line 3106.
./delta.tex:3115-3126: LaTeX warning:
	Reference `lemma:lefts-rights-homomorphism' on page 192 undefined on input line 3115.
./delta.tex:3126-3139: LaTeX warning:
	Reference `lemma:iso-coherent' on page 192 undefined on input line 3126.
./delta.tex:3139-3148: LaTeX warning:
	Reference `refrmodstay' on page 193 undefined on input line 3139.
./delta.tex:3148-3165: LaTeX warning:
	Reference `lemma:iso-coherent' on page 193 undefined on input line 3148.
./delta.tex:3165-3170: LaTeX warning:
	Reference `refrmodfail' on page 193 undefined on input line 3165.
./delta.tex:3170-3195: LaTeX warning:
	Reference `refrins' on page 194 undefined on input line 3170.
./delta.tex:3195-3203: LaTeX warning:
	Reference `lemma:lefts-rights-homomorphism' on page 194 undefined on input line 3195.
./delta.tex:3209-3255: LaTeX warning:
	Reference `refrdel' on page 195 undefined on input line 3209.
./delta.tex:3255-3259: LaTeX warning:
	Reference `refrreorder' on page 197 undefined on input line 3255.
./delta.tex:3259-3287: LaTeX warning:
	Reference `lemma:iso-coherent' on page 197 undefined on input line 3259.
./delta.tex:3287-3288: LaTeX warning:
	Reference `eq:reorder-z' on page 198 undefined on input line 3287.
./delta.tex:3288-3289: LaTeX warning:
	Reference `eq:float-index' on page 198 undefined on input line 3288.
./delta.tex:3289-3290: LaTeX warning:
	Reference `eq:def-c' on page 198 undefined on input line 3289.
./delta.tex:3290-3298: LaTeX warning:
	Reference `eq:def-reorder' on page 198 undefined on input line 3290.
./delta.tex:3298-3320: LaTeX warning:
	Reference `lemma:iso-coherent' on page 198 undefined on input line 3298.
./delta.tex:3320-3321: LaTeX warning:
	Reference `eq:lefts-lemma' on page 199 undefined on input line 3320.
./delta.tex:3321-3321: LaTeX warning:
	Reference `lemma:iso-coherent' on page 199 undefined on input line 3321.
./delta.tex:3321-3322: LaTeX warning:
	Reference `eq:def-h'' on page 199 undefined on input line 3321.
./delta.tex:3322-3323: LaTeX warning:
	Reference `eq:apply-reordering-to-def-h'' on page 199 undefined on input line 3322.
./delta.tex:3323-3324: LaTeX warning:
	Reference `eq:lefts-unlemma' on page 199 undefined on input line 3323.
./delta.tex:3324-3326: LaTeX warning:
	Reference `lemma:iso-coherent' on page 199 undefined on input line 3324.
./delta.tex:3326-3327: LaTeX warning:
	Reference `eq:def-h' on page 199 undefined on input line 3326.
./delta.tex:3327-3327: LaTeX warning:
	Reference `eq:semi-syntax' on page 199 undefined on input line 3327.
./delta.tex:3327-3327: LaTeX warning:
	Reference `eq:def-h''' on page 199 undefined on input line 3327.
./delta.tex:3327-3330: LaTeX warning:
	Reference `eq:def-fL' on page 199 undefined on input line 3327.
./delta.tex:3330-3336: LaTeX warning:
	Reference `eq:uninl' on page 199 undefined on input line 3330.
./delta.tex:3336-3336: LaTeX warning:
	Reference `refrfail' on page 199 undefined on input line 3336.
./delta.tex:3336-3352: LaTeX warning:
	Reference `refrmodfail' on page 199 undefined on input line 3336.
./delta.tex:3352-3354: LaTeX warning:
	Reference `reflmod' on page 200 undefined on input line 3352.
./delta.tex:3354-3356: LaTeX warning:
	Reference `reflreorder' on page 200 undefined on input line 3354.
./delta.tex:3356-3391: LaTeX warning:
	Reference `reflins' on page 200 undefined on input line 3356.
./delta.tex:3391-3395: LaTeX warning:
	Reference `refldel0' on page 201 undefined on input line 3391.
./delta.tex:3395-3397: LaTeX warning:
	Reference `refldeli' on page 201 undefined on input line 3395.
./delta.tex:3397-3400: LaTeX warning:
	Reference `refldelfail' on page 201 undefined on input line 3397.
./delta.tex:3400-3422: LaTeX warning:
	Reference `reflfail' on page 202 undefined on input line 3400.
./delta.tex:3422-3426: LaTeX warning:
	Reference `sec:monoid-laws' on page 202 undefined on input line 3422.
./delta.tex:3426-3444: LaTeX warning:
	Citation `1195941' on page 202 undefined on input line 3426.
./delta.tex:3444-3454: LaTeX warning:
	Citation `HofmannPierceWagner10' on page 203 undefined on input line 3444.
./delta.tex:3454-3454: LaTeX warning:
	Citation `1195941' on page 203 undefined on input line 3454.
./delta.tex:3454-3460: LaTeX warning:
	Citation `HofmannPierceWagner10' on page 203 undefined on input line 3454.
./delta.tex:3460-3462: LaTeX warning:
	Citation `1195941' on page 203 undefined on input line 3460.
./delta.tex:3462-3530: LaTeX warning:
	Citation `HofmannPierceWagner10' on page 203 undefined on input line 3462.
./delta.tex:3530-3597: LaTeX warning:
	Reference `def:containereditapplication' on page 205 undefined on input line 3530.
./delta.tex:3597-3651: LaTeX warning:
	Reference `sec:monoid-laws' on page 207 undefined on input line 3597.
./delta.tex:3731-3719: LaTeX warning:
	Reference `thm:bisim' on page 210 undefined on input line 3731.
./delta.tex:3809-3813: LaTeX warning:
	Reference `fig:restructuring-definition' on page 211 undefined on input line 3809.
./delta.tex:3813-3816: LaTeX warning:
	Float too large for page by 99.13847pt on input line 3813.
./delta.tex:3816-3890: LaTeX warning:
	Reference `fig:restructuring-definition' on page 211 undefined on input line 3816.
./delta.tex:3919-3920: wrapfig warning:
	Collision between wrapping environments on input line 3919.
./delta.tex:3921-3947: wrapfig warning:
	Stationary wrapfigure forced to float on input line 3921.
./delta.tex:3947-3948: wrapfig warning:
	Collision between wrapping environments on input line 3947.
./delta.tex:3950-3985: wrapfig warning:
	Stationary wrapfigure forced to float on input line 3950.
./delta.tex:3985-4118: LaTeX warning:
	Reference `sec:semantics' on page 215 undefined on input line 3985.
./delta.tex:4118-4119: LaTeX warning:
	Reference `eq:klens' on page 220 undefined on input line 4118.
./delta.tex:4119-4120: LaTeX warning:
	Reference `eq:law' on page 220 undefined on input line 4119.
./delta.tex:4120-4120: LaTeX warning:
	Reference `eq:one1' on page 220 undefined on input line 4120.
./delta.tex:4120-4204: LaTeX warning:
	Reference `eq:one2' on page 220 undefined on input line 4120.
./delta.tex:4204-4464: LaTeX warning:
	Citation `HofmannPierceWagner10' on page 222 undefined on input line 4204.
./delta.tex:4464-4469: LaTeX warning:
	Citation `HofmannPierceWagner10' on page 230 undefined on input line 4464.
./delta.tex:4469-4548: LaTeX warning:
	Citation `HofmannPierceWagner10' on page 230 undefined on input line 4469.
./delta.tex:4640-4640: LaTeX warning:
	Citation `Diskin-Delta11' on page 234 undefined on input line 4640.
./delta.tex:4640-4838: LaTeX warning:
	Citation `Johnson11' on page 234 undefined on input line 4640.
./delta.tex:4838-4839: LaTeX warning:
	Citation `Diskin-Delta11' on page 235 undefined on input line 4838.
./delta.tex:4839-4845: LaTeX warning:
	Citation `Matching10' on page 235 undefined on input line 4839.
./delta.tex:4845-4856: LaTeX warning:
	Reference `cats' on page 235 undefined on input line 4845.
./delta.tex:4856-4857: LaTeX warning:
	Citation `Stevens07' on page 235 undefined on input line 4856.
./delta.tex:4857-4898: LaTeX warning:
	Reference `stateb' on page 235 undefined on input line 4857.
./delta.tex:4898-4905: LaTeX warning:
	Citation `Meertens98' on page 236 undefined on input line 4898.
./delta.tex:4905-4905: LaTeX warning:
	Citation `Hu04' on page 236 undefined on input line 4905.
./delta.tex:4905-4905: LaTeX warning:
	Citation `Mu2004' on page 236 undefined on input line 4905.
./delta.tex:4905-4905: LaTeX warning:
	Citation `MuAlgebraic2004' on page 236 undefined on input line 4905.
./delta.tex:4905-4905: LaTeX warning:
	Citation `HuModels07' on page 236 undefined on input line 4905.
./delta.tex:4905-4912: LaTeX warning:
	Citation `Hidaka10' on page 236 undefined on input line 4905.
./delta.tex:4912-4959: LaTeX warning:
	Citation `Matching10' on page 236 undefined on input line 4912.
./delta.tex:4959-4964: LaTeX warning:
	Citation `Boomerang07' on page 237 undefined on input line 4959.
./delta.tex:4964-?: LaTeX warning:
	Reference `sec:containers' on page 237 undefined on input line 4964.
./tree.tex:53-54: LaTeX warning:
	Citation `Boomerang07' on page 244 undefined on input line 53.
./tree.tex:54-54: LaTeX warning:
	Citation `Matching10' on page 244 undefined on input line 54.
./tree.tex:54-55: LaTeX warning:
	Citation `Diskin-Delta11' on page 244 undefined on input line 54.
./tree.tex:55-56: LaTeX warning:
	Citation `diskin2011asymmetric' on page 244 undefined on input line 55.
./tree.tex:56-58: LaTeX warning:
	Citation `Stevens07' on page 244 undefined on input line 56.
./tree.tex:58-58: LaTeX warning:
	Citation `HuModels07' on page 244 undefined on input line 58.
./tree.tex:58-69: LaTeX warning:
	Citation `Hidaka10' on page 244 undefined on input line 58.
./tree.tex:69-84: LaTeX warning:
	Citation `HofmannPierceWagner12' on page 244 undefined on input line 69.
./tree.tex:84-87: LaTeX warning:
	Citation `DalzilioS:POPL04' on page 245 undefined on input line 84.
./tree.tex:87-87: LaTeX warning:
	Citation `UnQL96' on page 245 undefined on input line 87.
./tree.tex:87-235: LaTeX warning:
	Citation `Hidaka10' on page 245 undefined on input line 87.
./tree.tex:235-334: LaTeX warning:
	Citation `Foster:FTL' on page 250 undefined on input line 235.
./tree.tex:334-334: LaTeX warning:
	Citation `Foster:FTL' on page 253 undefined on input line 334.
./tree.tex:334-524: LaTeX warning:
	Citation `DalzilioS:POPL04' on page 253 undefined on input line 334.
./tree.tex:524-543: LaTeX warning:
	Citation `DalzilioS:POPL04' on page 257 undefined on input line 524.
./tree.tex:543-668: LaTeX warning:
	Citation `DalzilioS:POPL04' on page 257 undefined on input line 543.
./tree.tex:668-808: LaTeX warning:
	Citation `Foster:FTL' on page 260 undefined on input line 668.
./tree.tex:808-860: LaTeX warning:
	Citation `DalzilioS:POPL04' on page 264 undefined on input line 808.
./tree.tex:860-870: LaTeX warning:
	Citation `HofmannPierceWagner12' on page 265 undefined on input line 860.
./tree.tex:870-907: LaTeX warning:
	Reference `sec:examples' on page 265 undefined on input line 870.
./tree.tex:907-978: LaTeX warning:
	Citation `HofmannPierceWagner12' on page 266 undefined on input line 907.
./tree.tex:978-978: LaTeX warning:
	Citation `DalzilioS:POPL04' on page 268 undefined on input line 978.
./tree.tex:978-980: LaTeX warning:
	Citation `Foster:FTL' on page 268 undefined on input line 978.
./tree.tex:980-?: LaTeX warning:
	Citation `Foster:FTL' on page 268 undefined on input line 980.
./skeleton_dissertation.tex:123-?: LaTeX warning:
	There were undefined references.
./skeleton_dissertation.tex:123-?: LaTeX warning:
	Label(s) may have changed. Rerun to get cross-references right.
2-2: (\end occurred when \iftrue on line 2 was incomplete) 
