./complement.tex:22-22: LaTeX warning:
	Citation `FosterThesis' on page 7 undefined on input line 22.
./complement.tex:22-25: LaTeX warning:
	Citation `DBLP:conf/icmt/CzarneckiFHLST09' on page 7 undefined on input line 22.
./complement.tex:25-29: LaTeX warning:
	Citation `augeas' on page 7 undefined on input line 25.
./complement.tex:29-35: LaTeX warning:
	Citation `Focal2005-shortcite' on page 7 undefined on input line 29.
./complement.tex:35-35: LaTeX warning:
	Citation `Boomerang07' on page 7 undefined on input line 35.
./complement.tex:35-35: LaTeX warning:
	Citation `QuotientLenses08' on page 7 undefined on input line 35.
./complement.tex:35-35: LaTeX warning:
	Citation `updatable-security-views' on page 7 undefined on input line 35.
./complement.tex:35-39: LaTeX warning:
	Citation `Matching10' on page 7 undefined on input line 35.
./complement.tex:39-39: LaTeX warning:
	Citation `Focal2005-shortcite' on page 7 undefined on input line 39.
./complement.tex:39-39: LaTeX warning:
	Citation `Hu04' on page 7 undefined on input line 39.
./complement.tex:39-39: LaTeX warning:
	Citation `MuAlgebraic2004' on page 7 undefined on input line 39.
./complement.tex:39-40: LaTeX warning:
	Citation `HuXQuery08' on page 7 undefined on input line 39.
./complement.tex:40-40: LaTeX warning:
	Citation `BohannonPierceVaughan' on page 7 undefined on input line 40.
./complement.tex:40-45: LaTeX warning:
	Citation `Hidaka10' on page 7 undefined on input line 40.
./complement.tex:45-45: LaTeX warning:
	Citation `Stevens07' on page 7 undefined on input line 45.
./complement.tex:45-45: LaTeX warning:
	Citation `HuModels07' on page 7 undefined on input line 45.
./complement.tex:45-45: LaTeX warning:
	Citation `stevens2008lbm' on page 7 undefined on input line 45.
./complement.tex:45-45: LaTeX warning:
	Citation `DBLP:conf/models/Diskin08' on page 7 undefined on input line 45.
./complement.tex:45-45: LaTeX warning:
	Citation `diskin2008algebraic' on page 7 undefined on input line 45.
./complement.tex:45-45: LaTeX warning:
	Citation `diskin2009model' on page 7 undefined on input line 45.
./complement.tex:45-45: LaTeX warning:
	Citation `hidaka2009compositional' on page 7 undefined on input line 45.
./complement.tex:45-65: LaTeX warning:
	Citation `hidaka2009towards' on page 7 undefined on input line 45.
./complement.tex:65-65: LaTeX warning:
	Citation `Meertens98' on page 7 undefined on input line 65.
./complement.tex:65-65: LaTeX warning:
	Citation `stevens2008tat' on page 7 undefined on input line 65.
./complement.tex:65-90: LaTeX warning:
	Citation `DBLP:conf/models/Diskin08' on page 7 undefined on input line 65.
./complement.tex:90-91: LaTeX warning:
	Citation `Boomerang07' on page 8 undefined on input line 90.
./complement.tex:91-128: LaTeX warning:
	Citation `Focal2005-shortcite' on page 8 undefined on input line 91.
./complement.tex:128-210: LaTeX warning:
	Citation `1195941' on page 9 undefined on input line 128.
./complement.tex:210-211: LaTeX warning:
	Citation `DBLP:journals/tods/BancilhonS81' on page 11 undefined on input line 210.
./complement.tex:211-212: LaTeX warning:
	Citation `Matching10' on page 11 undefined on input line 211.
./complement.tex:212-735: LaTeX warning:
	Citation `matsuda2007btb' on page 11 undefined on input line 212.
./complement.tex:212-735: pgf warning:
	File "pdf/symmetric-minus" not found when defining image "pgflastimage".
	Tried all extensions in ".pdf:.jpg:.jpeg:.png:" on input line 323.
./complement.tex:212-735: pgf warning:
	Missing width for image "pgflastimage" ("pdf/symmetric-minus") in draft mode.
	Using 1cm instead on input line 323.
./complement.tex:212-735: pgf warning:
	Missing height for image "pgflastimage" ("pdf/symmetric-minus") in draft mode.
	Using 1cm instead on input line 323.
./complement.tex:212-735: pgf warning:
	File "pdf/symmetric" not found when defining image "pgflastimage".
	Tried all extensions in ".pdf:.jpg:.jpeg:.png:" on input line 327.
./complement.tex:212-735: pgf warning:
	Missing width for image "pgflastimage" ("pdf/symmetric") in draft mode.
	Using 1cm instead on input line 327.
./complement.tex:212-735: pgf warning:
	Missing height for image "pgflastimage" ("pdf/symmetric") in draft mode.
	Using 1cm instead on input line 327.
./complement.tex:212-735: pgf warning:
	File "pdf/symmetric-edit" not found when defining image "pgflastimage".
	Tried all extensions in ".pdf:.jpg:.jpeg:.png:" on input line 332.
./complement.tex:212-735: pgf warning:
	Missing width for image "pgflastimage" ("pdf/symmetric-edit") in draft mode.
	Using 1cm instead on input line 332.
./complement.tex:212-735: pgf warning:
	Missing height for image "pgflastimage" ("pdf/symmetric-edit") in draft mode.
	Using 1cm instead on input line 332.
./complement.tex:212-735: pgf warning:
	File "pdf/symmetric-propagatex" not found when defining image "pgflastimage".
	Tried all extensions in ".pdf:.jpg:.jpeg:.png:" on input line 336.
./complement.tex:212-735: pgf warning:
	Missing width for image "pgflastimage" ("pdf/symmetric-propagatex") in draft mode.
	Using 1cm instead on input line 336.
./complement.tex:212-735: pgf warning:
	Missing height for image "pgflastimage" ("pdf/symmetric-propagatex") in draft mode.
	Using 1cm instead on input line 336.
./complement.tex:212-735: pgf warning:
	File "pdf/symmetric-edit2" not found when defining image "pgflastimage".
	Tried all extensions in ".pdf:.jpg:.jpeg:.png:" on input line 341.
./complement.tex:212-735: pgf warning:
	Missing width for image "pgflastimage" ("pdf/symmetric-edit2") in draft mode.
	Using 1cm instead on input line 341.
./complement.tex:212-735: pgf warning:
	Missing height for image "pgflastimage" ("pdf/symmetric-edit2") in draft mode.
	Using 1cm instead on input line 341.
./complement.tex:212-735: pgf warning:
	File "pdf/symmetric-propagate2" not found when defining image "pgflastimage".
	Tried all extensions in ".pdf:.jpg:.jpeg:.png:" on input line 345.
./complement.tex:212-735: pgf warning:
	Missing width for image "pgflastimage" ("pdf/symmetric-propagate2") in draft mode.
	Using 1cm instead on input line 345.
./complement.tex:212-735: pgf warning:
	Missing height for image "pgflastimage" ("pdf/symmetric-propagate2") in draft mode.
	Using 1cm instead on input line 345.
./complement.tex:212-735: pgf warning:
	File "pdf/sums1" not found when defining image "pgflastimage".
	Tried all extensions in ".pdf:.jpg:.jpeg:.png:" on input line 581.
./complement.tex:212-735: pgf warning:
	Missing width for image "pgflastimage" ("pdf/sums1") in draft mode.
	Using 1cm instead on input line 581.
./complement.tex:212-735: pgf warning:
	Missing height for image "pgflastimage" ("pdf/sums1") in draft mode.
	Using 1cm instead on input line 581.
./complement.tex:212-735: pgf warning:
	File "pdf/sums2" not found when defining image "pgflastimage".
	Tried all extensions in ".pdf:.jpg:.jpeg:.png:" on input line 583.
./complement.tex:212-735: pgf warning:
	Missing width for image "pgflastimage" ("pdf/sums2") in draft mode.
	Using 1cm instead on input line 583.
./complement.tex:212-735: pgf warning:
	Missing height for image "pgflastimage" ("pdf/sums2") in draft mode.
	Using 1cm instead on input line 583.
./complement.tex:212-735: pgf warning:
	File "pdf/sums3" not found when defining image "pgflastimage".
	Tried all extensions in ".pdf:.jpg:.jpeg:.png:" on input line 588.
./complement.tex:212-735: pgf warning:
	Missing width for image "pgflastimage" ("pdf/sums3") in draft mode.
	Using 1cm instead on input line 588.
./complement.tex:212-735: pgf warning:
	Missing height for image "pgflastimage" ("pdf/sums3") in draft mode.
	Using 1cm instead on input line 588.
./complement.tex:212-735: pgf warning:
	File "pdf/sums4" not found when defining image "pgflastimage".
	Tried all extensions in ".pdf:.jpg:.jpeg:.png:" on input line 590.
./complement.tex:212-735: pgf warning:
	Missing width for image "pgflastimage" ("pdf/sums4") in draft mode.
	Using 1cm instead on input line 590.
./complement.tex:212-735: pgf warning:
	Missing height for image "pgflastimage" ("pdf/sums4") in draft mode.
	Using 1cm instead on input line 590.
./complement.tex:735-735: LaTeX warning:
	Citation `Boomerang07' on page 21 undefined on input line 735.
./complement.tex:735-747: LaTeX warning:
	Citation `Matching10' on page 21 undefined on input line 735.
./complement.tex:747-914: LaTeX warning:
	Citation `Matching10' on page 21 undefined on input line 747.
./complement.tex:1743-1783: LaTeX warning:
	Citation `AbrTze09' on page 46 undefined on input line 1743.
./complement.tex:2028-2038: LaTeX warning:
	Citation `Focal2005-shortcite' on page 54 undefined on input line 2028.
./complement.tex:3054-3054: LaTeX warning:
	Citation `Focal2005-shortcite' on page 81 undefined on input line 3054.
./complement.tex:3054-3073: LaTeX warning:
	Citation `Boomerang07' on page 81 undefined on input line 3054.
./complement.tex:3132-3220: LaTeX warning:
	Citation `meijer1991functional' on page 83 undefined on input line 3132.
./complement.tex:3220-3302: LaTeX warning:
	Citation `vene2000categorical' on page 84 undefined on input line 3220.
./complement.tex:3535-3589: LaTeX warning:
	Citation `meijer1991functional' on page 92 undefined on input line 3535.
./complement.tex:3912-3913: LaTeX warning:
	Citation `abbott2003categories' on page 97 undefined on input line 3912.
./complement.tex:3913-3915: LaTeX warning:
	Citation `hasegawa2002two' on page 97 undefined on input line 3913.
./complement.tex:3915-3916: LaTeX warning:
	Citation `joyal1986foncteurs' on page 97 undefined on input line 3915.
./complement.tex:3916-4019: LaTeX warning:
	Citation `DBLP:conf/esop/JayC94' on page 97 undefined on input line 3916.
./complement.tex:4218-4217: LaTeX warning:
	Citation `Boomerang07' on page 106 undefined on input line 4218.
./complement.tex:5120-5120: LaTeX warning:
	Citation `FosterThesis' on page 122 undefined on input line 5120.
./complement.tex:5120-5122: LaTeX warning:
	Citation `DBLP:conf/icmt/CzarneckiFHLST09' on page 122 undefined on input line 5120.
./complement.tex:5122-5123: LaTeX warning:
	Citation `Focal2005-shortcite' on page 122 undefined on input line 5122.
./complement.tex:5123-5126: LaTeX warning:
	Citation `HofmannPierceWagner10' on page 122 undefined on input line 5123.
./complement.tex:5126-5127: LaTeX warning:
	Citation `Meertens98' on page 122 undefined on input line 5126.
./complement.tex:5127-5128: LaTeX warning:
	Citation `Stevens07' on page 122 undefined on input line 5127.
./complement.tex:5128-5129: LaTeX warning:
	Citation `DBLP:conf/models/Diskin08' on page 122 undefined on input line 5128.
./complement.tex:5129-5125: LaTeX warning:
	Citation `xiong2009supporting' on page 122 undefined on input line 5129.
./complement.tex:5196-5199: LaTeX warning:
	Citation `matsuda2007btb' on page 124 undefined on input line 5196.
./complement.tex:5199-5200: LaTeX warning:
	Citation `Focal2005-shortcite' on page 124 undefined on input line 5199.
./complement.tex:5200-5204: LaTeX warning:
	Citation `updatable-security-views' on page 124 undefined on input line 5200.
./complement.tex:5204-5254: LaTeX warning:
	Citation `Focal2005-shortcite' on page 124 undefined on input line 5204.
./complement.tex:5254-5340: LaTeX warning:
	Citation `Boomerang07' on page 125 undefined on input line 5254.
./complement.tex:5340-5340: LaTeX warning:
	Citation `Boomerang07' on page 128 undefined on input line 5340.
./complement.tex:5340-?: LaTeX warning:
	Citation `Matching10' on page 128 undefined on input line 5340.
./paper.tex:36-?: LaTeX warning:
	There were undefined references.
?-2: For some reason, the log-file parser noticed an extra 'close file' marker here.
	It's possible that the filenames and line numbers reported near this are wrong.
	This is likely a bug -- you should report it and include your log file!
2-2: (\end occurred when \iftrue on line 2 was incomplete) 
2-?: </usr/share/texlive/texmf-
