([],((Nothing,Nothing),Boring "This is pdfTeX, Version 3.1415926-2.3-1.40.12 (MiKTeX 2.9) (preloaded format=pdflatex 2012.1.4)  23 APR 2014 10:20"))
([],((Nothing,Nothing),Boring "entering extended mode"))
([],((Nothing,Nothing),Boring "**hello*space.tex"))
([((Nothing,Nothing),"\"E:\\test-miktex\\hello space.tex\"")],((Nothing,Just 4),Boring ""))
([((Nothing,Nothing),"\"E:\\test-miktex\\hello space.tex\"")],((Nothing,Just 4),Boring "LaTeX2e <2011/06/27>"))
([((Nothing,Nothing),"\"E:\\test-miktex\\hello space.tex\"")],((Nothing,Just 4),Boring "Babel <v3.8m> and hyphenation patterns for english, afrikaans, ancientgreek, arabic, armenian, assamese, basque, bengali, bokmal, bulgarian, catalan, coptic, croatian, czech, danish, dutch, esperanto, estonian, farsi, finnish, french, galician, german, german-x-2009-06-19, greek, gujarati, hindi, hungarian, icelandic, indonesian, interlingua, irish, italian, kannada, kurmanji, lao, latin, latvian, lithuanian, malayalam, marathi, mongolian, mongolianlmc, monogreek, ngerman, ngerman-x-2009-06-19, nynorsk, oriya, panjabi, pinyin, polish, portuguese, romanian, russian, sanskrit, serbian, slovak, slovenian, spanish, swedish, swissgerman, tamil, telugu, turkish, turkmen, ukenglish, ukrainian, uppersorbian, usenglishmax, welsh, loaded."))
([((Nothing,Just 4),"E:\\miktex-portable\\tex\\latex\\base\\article.cls"),((Nothing,Nothing),"\"E:\\test-miktex\\hello space.tex\"")],((Nothing,Nothing),Boring ""))
([((Nothing,Just 4),"E:\\miktex-portable\\tex\\latex\\base\\article.cls"),((Nothing,Nothing),"\"E:\\test-miktex\\hello space.tex\"")],((Nothing,Nothing),Boring "Document Class: article 2007/10/19 v1.4h Standard LaTeX document class"))
([((Nothing,Nothing),"E:\\miktex-portable\\tex\\latex\\base\\size10.clo"),((Nothing,Just 4),"E:\\miktex-portable\\tex\\latex\\base\\article.cls"),((Nothing,Nothing),"\"E:\\test-miktex\\hello space.tex\"")],((Nothing,Nothing),Boring ""))
([((Nothing,Nothing),"E:\\miktex-portable\\tex\\latex\\base\\size10.clo"),((Nothing,Just 4),"E:\\miktex-portable\\tex\\latex\\base\\article.cls"),((Nothing,Nothing),"\"E:\\test-miktex\\hello space.tex\"")],((Nothing,Nothing),Boring "File: size10.clo 2007/10/19 v1.4h Standard LaTeX file (size option)"))
([((Nothing,Just 4),"E:\\miktex-portable\\tex\\latex\\base\\article.cls"),((Nothing,Nothing),"\"E:\\test-miktex\\hello space.tex\"")],((Nothing,Nothing),Boring ""))
([((Nothing,Just 4),"E:\\miktex-portable\\tex\\latex\\base\\article.cls"),((Nothing,Nothing),"\"E:\\test-miktex\\hello space.tex\"")],((Nothing,Nothing),Boring "\\c@part=\\count79"))
([((Nothing,Just 4),"E:\\miktex-portable\\tex\\latex\\base\\article.cls"),((Nothing,Nothing),"\"E:\\test-miktex\\hello space.tex\"")],((Nothing,Nothing),Boring "\\c@section=\\count80"))
([((Nothing,Just 4),"E:\\miktex-portable\\tex\\latex\\base\\article.cls"),((Nothing,Nothing),"\"E:\\test-miktex\\hello space.tex\"")],((Nothing,Nothing),Boring "\\c@subsection=\\count81"))
([((Nothing,Just 4),"E:\\miktex-portable\\tex\\latex\\base\\article.cls"),((Nothing,Nothing),"\"E:\\test-miktex\\hello space.tex\"")],((Nothing,Nothing),Boring "\\c@subsubsection=\\count82"))
([((Nothing,Just 4),"E:\\miktex-portable\\tex\\latex\\base\\article.cls"),((Nothing,Nothing),"\"E:\\test-miktex\\hello space.tex\"")],((Nothing,Nothing),Boring "\\c@paragraph=\\count83"))
([((Nothing,Just 4),"E:\\miktex-portable\\tex\\latex\\base\\article.cls"),((Nothing,Nothing),"\"E:\\test-miktex\\hello space.tex\"")],((Nothing,Nothing),Boring "\\c@subparagraph=\\count84"))
([((Nothing,Just 4),"E:\\miktex-portable\\tex\\latex\\base\\article.cls"),((Nothing,Nothing),"\"E:\\test-miktex\\hello space.tex\"")],((Nothing,Nothing),Boring "\\c@figure=\\count85"))
([((Nothing,Just 4),"E:\\miktex-portable\\tex\\latex\\base\\article.cls"),((Nothing,Nothing),"\"E:\\test-miktex\\hello space.tex\"")],((Nothing,Nothing),Boring "\\c@table=\\count86"))
([((Nothing,Just 4),"E:\\miktex-portable\\tex\\latex\\base\\article.cls"),((Nothing,Nothing),"\"E:\\test-miktex\\hello space.tex\"")],((Nothing,Nothing),Boring "\\abovecaptionskip=\\skip41"))
([((Nothing,Just 4),"E:\\miktex-portable\\tex\\latex\\base\\article.cls"),((Nothing,Nothing),"\"E:\\test-miktex\\hello space.tex\"")],((Nothing,Nothing),Boring "\\belowcaptionskip=\\skip42"))
([((Nothing,Just 4),"E:\\miktex-portable\\tex\\latex\\base\\article.cls"),((Nothing,Nothing),"\"E:\\test-miktex\\hello space.tex\"")],((Nothing,Nothing),Boring "\\bibindent=\\dimen102"))
([((Nothing,Nothing),"\"E:\\test-miktex\\hello space.tex\"")],((Nothing,Just 4),Boring ""))
([((Nothing,Just 4),"E:\\miktex-portable\\tex\\latex\\base\\makeidx.sty"),((Nothing,Nothing),"\"E:\\test-miktex\\hello space.tex\"")],((Nothing,Nothing),Boring ""))
([((Nothing,Just 4),"E:\\miktex-portable\\tex\\latex\\base\\makeidx.sty"),((Nothing,Nothing),"\"E:\\test-miktex\\hello space.tex\"")],((Nothing,Nothing),Boring "Package: makeidx 2000/03/29 v1.0m Standard LaTeX package"))
([((Nothing,Nothing),"\"E:\\test-miktex\\hello space.tex\"")],((Nothing,Just 4),Boring ""))
([((Nothing,Nothing),"\"E:\\test-miktex\\hello space.tex\"")],((Nothing,Just 4),Boring "\\@indexfile=\\write3"))
([((Nothing,Nothing),"\"E:\\test-miktex\\hello space.tex\"")],((Nothing,Just 4),Boring "Writing index file hello*space.idx"))
([((Nothing,Nothing),"\"E:\\test-miktex\\hello space.tex\"")],((Nothing,Just 4),Boring ""))
([((Nothing,Nothing),"\"E:\\test-miktex\\hello space.tex\"")],((Just 4,Just 4),LaTeXMessage "Font" Info ["Checking defaults for OML/cmm/m/it on input line 4."]))
([((Nothing,Nothing),"\"E:\\test-miktex\\hello space.tex\"")],((Just 4,Just 4),LaTeXMessage "Font" Info ["... okay on input line 4."]))
([((Nothing,Nothing),"\"E:\\test-miktex\\hello space.tex\"")],((Just 4,Just 4),LaTeXMessage "Font" Info ["Checking defaults for T1/cmr/m/n on input line 4."]))
([((Nothing,Nothing),"\"E:\\test-miktex\\hello space.tex\"")],((Just 4,Just 4),LaTeXMessage "Font" Info ["... okay on input line 4."]))
([((Nothing,Nothing),"\"E:\\test-miktex\\hello space.tex\"")],((Just 4,Just 4),LaTeXMessage "Font" Info ["Checking defaults for OT1/cmr/m/n on input line 4."]))
([((Nothing,Nothing),"\"E:\\test-miktex\\hello space.tex\"")],((Just 4,Just 4),LaTeXMessage "Font" Info ["... okay on input line 4."]))
([((Nothing,Nothing),"\"E:\\test-miktex\\hello space.tex\"")],((Just 4,Just 4),LaTeXMessage "Font" Info ["Checking defaults for OMS/cmsy/m/n on input line 4."]))
([((Nothing,Nothing),"\"E:\\test-miktex\\hello space.tex\"")],((Just 4,Just 4),LaTeXMessage "Font" Info ["... okay on input line 4."]))
([((Nothing,Nothing),"\"E:\\test-miktex\\hello space.tex\"")],((Just 4,Just 4),LaTeXMessage "Font" Info ["Checking defaults for OMX/cmex/m/n on input line 4."]))
([((Nothing,Nothing),"\"E:\\test-miktex\\hello space.tex\"")],((Just 4,Just 4),LaTeXMessage "Font" Info ["... okay on input line 4."]))
([((Nothing,Nothing),"\"E:\\test-miktex\\hello space.tex\"")],((Just 4,Just 4),LaTeXMessage "Font" Info ["Checking defaults for U/cmr/m/n on input line 4."]))
([((Nothing,Nothing),"\"E:\\test-miktex\\hello space.tex\"")],((Just 4,Just 4),LaTeXMessage "Font" Info ["... okay on input line 4."]))
([((Nothing,Nothing),"\"E:\\test-miktex\\hello space.tex\"")],((Just 4,Nothing),Unknown "No file hello*space.ind."))
([((Nothing,Nothing),"\"E:\\test-miktex\\hello space.tex\"")],((Just 4,Nothing),Boring "[1\n{E:/miktex-portable/pdftex/config/pdftex.map}]"))
([((Nothing,Nothing),"\"E:\\test-miktex\\hello space.tex\"")],((Just 4,Nothing),Boring ""))
([],((Nothing,Nothing),Boring " "))
([],((Nothing,Nothing),Boring "Here is how much of TeX's memory you used:"))
([],((Nothing,Nothing),Boring " 218 strings out of 494045"))
([],((Nothing,Nothing),Boring " 2517 string characters out of 3152084"))
([],((Nothing,Nothing),Boring " 48890 words of memory out of 3000000"))
([],((Nothing,Nothing),Boring " 3589 multiletter control sequences out of 15000+200000"))
([],((Nothing,Nothing),Boring " 3640 words of font info for 14 fonts, out of 3000000 for 9000"))
([],((Nothing,Nothing),Boring " 715 hyphenation exceptions out of 8191"))
([],((Nothing,Nothing),Boring " 23i,4n,17p,163b,107s stack positions out of 5000i,500n,10000p,200000b,50000s"))
([],((Nothing,Nothing),Unknown "<E:/miktex-portable/fonts/type1/"))
([],((Nothing,Nothing),Boring "public/amsfonts/cm/cmr10.pfb>"))
([],((Nothing,Nothing),Boring "Output written on \"E:/test-miktex/[out[]put]/hello space.pdf\" (1 page, 10886 bytes)."))
([],((Nothing,Nothing),Boring "PDF statistics:"))
([],((Nothing,Nothing),Boring " 10 PDF objects out of 1000 (max. 8388607)"))
([],((Nothing,Nothing),Boring " 0 named destinations out of 1000 (max. 500000)"))
([],((Nothing,Nothing),Boring " 1 words of extra memory for PDF output out of 10000 (max. 10000000)"))
