([],((Nothing,Nothing),Boring "This is pdfTeX, Version 3.1415926-2.5-1.40.14 (TeX Live 2013) (format=pdflatex 2013.8.13)  22 APR 2014 18:51"))
([],((Nothing,Nothing),Boring "entering extended mode"))
([],((Nothing,Nothing),Boring " restricted \\write18 enabled."))
([],((Nothing,Nothing),Boring " %&-line parsing enabled."))
([],((Nothing,Nothing),Boring "**\"with spaces.tex\""))
([((Nothing,Nothing),"./with spaces.tex")],((Nothing,Just 3),Boring ""))
([((Nothing,Nothing),"./with spaces.tex")],((Nothing,Just 3),Boring "LaTeX2e <2011/06/27>"))
([((Nothing,Nothing),"./with spaces.tex")],((Nothing,Just 3),Boring "Babel <3.9f> and hyphenation patterns for 2 languages loaded."))
([((Nothing,Just 3),"/usr/share/texlive/texmf-dist/tex/latex/base/article.cls"),((Nothing,Nothing),"./with spaces.tex")],((Nothing,Nothing),Boring ""))
([((Nothing,Just 3),"/usr/share/texlive/texmf-dist/tex/latex/base/article.cls"),((Nothing,Nothing),"./with spaces.tex")],((Nothing,Nothing),Boring "Document Class: article 2007/10/19 v1.4h Standard LaTeX document class"))
([((Nothing,Nothing),"/usr/share/texlive/texmf-dist/tex/latex/base/size10.clo"),((Nothing,Just 3),"/usr/share/texlive/texmf-dist/tex/latex/base/article.cls"),((Nothing,Nothing),"./with spaces.tex")],((Nothing,Nothing),Boring ""))
([((Nothing,Nothing),"/usr/share/texlive/texmf-dist/tex/latex/base/size10.clo"),((Nothing,Just 3),"/usr/share/texlive/texmf-dist/tex/latex/base/article.cls"),((Nothing,Nothing),"./with spaces.tex")],((Nothing,Nothing),Boring "File: size10.clo 2007/10/19 v1.4h Standard LaTeX file (size option)"))
([((Nothing,Just 3),"/usr/share/texlive/texmf-dist/tex/latex/base/article.cls"),((Nothing,Nothing),"./with spaces.tex")],((Nothing,Nothing),Boring ""))
([((Nothing,Just 3),"/usr/share/texlive/texmf-dist/tex/latex/base/article.cls"),((Nothing,Nothing),"./with spaces.tex")],((Nothing,Nothing),Boring "\\c@part=\\count79"))
([((Nothing,Just 3),"/usr/share/texlive/texmf-dist/tex/latex/base/article.cls"),((Nothing,Nothing),"./with spaces.tex")],((Nothing,Nothing),Boring "\\c@section=\\count80"))
([((Nothing,Just 3),"/usr/share/texlive/texmf-dist/tex/latex/base/article.cls"),((Nothing,Nothing),"./with spaces.tex")],((Nothing,Nothing),Boring "\\c@subsection=\\count81"))
([((Nothing,Just 3),"/usr/share/texlive/texmf-dist/tex/latex/base/article.cls"),((Nothing,Nothing),"./with spaces.tex")],((Nothing,Nothing),Boring "\\c@subsubsection=\\count82"))
([((Nothing,Just 3),"/usr/share/texlive/texmf-dist/tex/latex/base/article.cls"),((Nothing,Nothing),"./with spaces.tex")],((Nothing,Nothing),Boring "\\c@paragraph=\\count83"))
([((Nothing,Just 3),"/usr/share/texlive/texmf-dist/tex/latex/base/article.cls"),((Nothing,Nothing),"./with spaces.tex")],((Nothing,Nothing),Boring "\\c@subparagraph=\\count84"))
([((Nothing,Just 3),"/usr/share/texlive/texmf-dist/tex/latex/base/article.cls"),((Nothing,Nothing),"./with spaces.tex")],((Nothing,Nothing),Boring "\\c@figure=\\count85"))
([((Nothing,Just 3),"/usr/share/texlive/texmf-dist/tex/latex/base/article.cls"),((Nothing,Nothing),"./with spaces.tex")],((Nothing,Nothing),Boring "\\c@table=\\count86"))
([((Nothing,Just 3),"/usr/share/texlive/texmf-dist/tex/latex/base/article.cls"),((Nothing,Nothing),"./with spaces.tex")],((Nothing,Nothing),Boring "\\abovecaptionskip=\\skip41"))
([((Nothing,Just 3),"/usr/share/texlive/texmf-dist/tex/latex/base/article.cls"),((Nothing,Nothing),"./with spaces.tex")],((Nothing,Nothing),Boring "\\belowcaptionskip=\\skip42"))
([((Nothing,Just 3),"/usr/share/texlive/texmf-dist/tex/latex/base/article.cls"),((Nothing,Nothing),"./with spaces.tex")],((Nothing,Nothing),Boring "\\bibindent=\\dimen102"))
([((Nothing,Nothing),"./with spaces.tex")],((Nothing,Just 3),Boring ""))
([((Nothing,Nothing),"./with spaces.tex")],((Nothing,Just 3),Boring "\\openout1 = `\"with spaces.aux\"'."))
([((Nothing,Nothing),"./with spaces.tex")],((Nothing,Just 3),Boring ""))
([((Nothing,Nothing),"./with spaces.tex")],((Just 3,Just 3),LaTeXMessage "Font" Info ["Checking defaults for OML/cmm/m/it on input line 3."]))
([((Nothing,Nothing),"./with spaces.tex")],((Just 3,Just 3),LaTeXMessage "Font" Info ["... okay on input line 3."]))
([((Nothing,Nothing),"./with spaces.tex")],((Just 3,Just 3),LaTeXMessage "Font" Info ["Checking defaults for T1/cmr/m/n on input line 3."]))
([((Nothing,Nothing),"./with spaces.tex")],((Just 3,Just 3),LaTeXMessage "Font" Info ["... okay on input line 3."]))
([((Nothing,Nothing),"./with spaces.tex")],((Just 3,Just 3),LaTeXMessage "Font" Info ["Checking defaults for OT1/cmr/m/n on input line 3."]))
([((Nothing,Nothing),"./with spaces.tex")],((Just 3,Just 3),LaTeXMessage "Font" Info ["... okay on input line 3."]))
([((Nothing,Nothing),"./with spaces.tex")],((Just 3,Just 3),LaTeXMessage "Font" Info ["Checking defaults for OMS/cmsy/m/n on input line 3."]))
([((Nothing,Nothing),"./with spaces.tex")],((Just 3,Just 3),LaTeXMessage "Font" Info ["... okay on input line 3."]))
([((Nothing,Nothing),"./with spaces.tex")],((Just 3,Just 3),LaTeXMessage "Font" Info ["Checking defaults for OMX/cmex/m/n on input line 3."]))
([((Nothing,Nothing),"./with spaces.tex")],((Just 3,Just 3),LaTeXMessage "Font" Info ["... okay on input line 3."]))
([((Nothing,Nothing),"./with spaces.tex")],((Just 3,Just 3),LaTeXMessage "Font" Info ["Checking defaults for U/cmr/m/n on input line 3."]))
([((Nothing,Nothing),"./with spaces.tex")],((Just 3,Just 3),LaTeXMessage "Font" Info ["... okay on input line 3."]))
([((Nothing,Nothing),"./with spaces.tex")],((Just 3,Nothing),Boring ""))
([((Nothing,Nothing),"./with spaces.tex")],((Just 3,Nothing),Boring "[1\n\n{/usr/share/texlive/texmf-dist/fonts/map/pdftex/updmap/pdftex.map}]"))
([((Nothing,Nothing),"./with spaces.tex")],((Just 3,Nothing),Boring ""))
([],((Nothing,Nothing),Boring " "))
([],((Nothing,Nothing),Boring "Here is how much of TeX's memory you used:"))
([],((Nothing,Nothing),Boring " 201 strings out of 495035"))
([],((Nothing,Nothing),Boring " 2185 string characters out of 6181702"))
([],((Nothing,Nothing),Boring " 46622 words of memory out of 5000000"))
([],((Nothing,Nothing),Boring " 3494 multiletter control sequences out of 15000+600000"))
([],((Nothing,Nothing),Boring " 3640 words of font info for 14 fonts, out of 8000000 for 9000"))
([],((Nothing,Nothing),Boring " 14 hyphenation exceptions out of 8191"))
([],((Nothing,Nothing),Boring " 23i,4n,17p,144b,107s stack positions out of 5000i,500n,10000p,200000b,80000s"))
([],((Nothing,Nothing),Unknown "</usr/share/texlive/texmf-dist/fonts/type1/public/amsfonts"))
([],((Nothing,Nothing),Boring "/cm/cmr10.pfb>"))
([],((Nothing,Nothing),Boring "Output written on \"with spaces.pdf\" (1 page, 12544 bytes)."))
([],((Nothing,Nothing),Boring "PDF statistics:"))
([],((Nothing,Nothing),Boring " 12 PDF objects out of 1000 (max. 8388607)"))
([],((Nothing,Nothing),Boring " 7 compressed objects within 1 object stream"))
([],((Nothing,Nothing),Boring " 0 named destinations out of 1000 (max. 500000)"))
([],((Nothing,Nothing),Boring " 1 words of extra memory for PDF output out of 10000 (max. 10000000)"))
([],((Nothing,Nothing),Boring ""))
