?-?: This is XeTeX, Version 3.1415926-2.5-0.9999.3 (TeX Live 2013) (format=xelatex 2013.10.11)  25 NOV 2013 10:41
/usr/share/texlive/texmf-dist/tex/generic/pgf/libraries/pgflibraryfadings.code.tex:31-?: pgf warning:
	Your graphic driver pgfsys-xetex.def does not support fadings. This warning is given only once on input line 31.
./introduction.tex:2-?: Missing character: There is no ’ in font cmr12!
./introduction.tex:2-?: Missing character: There is no ’ in font cmr12!
./introduction.tex:2-?: Missing character: There is no   in font cmr12!
./complement.tex:?-792: File: images/symmetric-minus.pdf Graphic file (type QTm)
./complement.tex:?-792:  <use  "images/symmetric-minus.pdf" >
./complement.tex:?-792: File: images/symmetric.pdf Graphic file (type QTm)
./complement.tex:?-792:  <use  "images/symmetric.pdf" >
./complement.tex:?-792: File: images/symmetric-edit.pdf Graphic file (type QTm)
./complement.tex:?-792: <use  "images/symmetric-edit.pdf" >
./complement.tex:?-792: File: images/symmetric-propagatex.pdf Graphic file (type QTm)
./complement.tex:?-792:  <use  "images/symmetric-propagatex.pdf" >
./complement.tex:?-792: File: images/symmetric-edit2.pdf Graphic file (type QTm)
./complement.tex:?-792: <use  "images/symmetric-edit2.pdf" >
./complement.tex:?-792: File: images/symmetric-propagate2.pdf Graphic file (type QTm)
./complement.tex:?-792:  <use  "images/symmetric-propagate2.pdf" >
./complement.tex:?-792: File: images/sums1.pdf Graphic file (type QTm)
./complement.tex:?-792:  <use  "images/sums1.pdf" >
./complement.tex:?-792: File: images/sums2.pdf Graphic file (type QTm)
./complement.tex:?-792:  <use  "images/sums2.pdf" >
./complement.tex:?-792: File: images/sums3.pdf Graphic file (type QTm)
./complement.tex:?-792: <use  "images/sums3.pdf" >
./complement.tex:?-792: File: images/sums4.pdf Graphic file (type QTm)
./complement.tex:?-792:  <use  "images/sums4.pdf" > [7] [8] [9] [10] [11]
./delta.tex:?-203: File: images/ex1-init.pdf Graphic file (type QTm)
./delta.tex:?-203:  <use  "images/ex1-init.pdf" >
./delta.tex:?-203: File: images/ex1-1.pdf Graphic file (type QTm)
./delta.tex:?-203:  <use  "images/ex1-1.pdf" >
./delta.tex:?-203: File: images/ex1-2.pdf Graphic file (type QTm)
./delta.tex:?-203: <use  "images/ex1-2.pdf" >
./delta.tex:?-203: File: images/ex1-3.pdf Graphic file (type QTm)
./delta.tex:?-203:  <use  "images/ex1-3.pdf" >
./delta.tex:?-203: File: images/ex1-4.pdf Graphic file (type QTm)
./delta.tex:?-203: <use  "images/ex1-4.pdf" >
./delta.tex:?-203: File: images/ex1-5.pdf Graphic file (type QTm)
./delta.tex:?-203:  <use  "images/ex1-5.pdf" > [67
./delta.tex:?-203: ] [68]
./delta.tex:?-203: File: images/ex2-0.pdf Graphic file (type QTm)
./delta.tex:?-203: <use  "images/ex2-0.pdf" >
./delta.tex:?-203: File: images/ex2-1.pdf Graphic file (type QTm)
./delta.tex:?-203:  <use  "images/ex2-1.pdf" >
./delta.tex:?-203: File: images/ex2-2.pdf Graphic file (type QTm)
./delta.tex:?-203: <use  "images/ex2-2.pdf" >
./delta.tex:2490-2942: File: images/ex3-0.pdf Graphic file (type QTm)
./delta.tex:2490-2942: <use  "images/ex3-0.pdf" > [93] [94] [95] [96] [97] [98] [99]
./delta.tex:3757-3866: File: images/restruct1.pdf Graphic file (type QTm)
./delta.tex:3757-3866:  <use  "images/restruct1.pdf" >
./delta.tex:3867-4514: File: images/restruct2.pdf Graphic file (type QTm)
./delta.tex:3867-4514: <use  "images/restruct2.pdf" >
./delta.tex:3867-4514: File: images/restruct3.pdf Graphic file (type QTm)
./delta.tex:3867-4514:  <use  "images/restruct3.pdf" > [116] [117]
./hyper.tex:192-379: LaTeX warning:
	Reference `chap:background' on page 131 undefined on input line 192.
./skeleton_dissertation.tex:37-?: LaTeX warning:
	There were undefined references.
?-?: Output written on paper.pdf (164 pages).
