?-?: This is XeTeX, Version 3.1415926-2.5-0.9999.3 (TeX Live 2013) (format=xelatex 2013.10.11)  25 NOV 2013 10:41
/usr/share/texlive/texmf-dist/tex/generic/pgf/libraries/pgflibraryfadings.code.tex:31-?: pgf warning:
	Your graphic driver pgfsys-xetex.def does not support fadings. This warning is given only once on input line 31.
./introduction.tex:2-?: Missing character: There is no ’ in font cmr12!
./introduction.tex:2-?: Missing character: There is no ’ in font cmr12!
./introduction.tex:2-?: Missing character: There is no   in font cmr12!
./complement.tex:51-52: natbib warning:
	Citation `DBLP:journals/tods/BancilhonS81' on page 3 undefined on input line 51.
./complement.tex:52-53: natbib warning:
	Citation `Matching10' on page 3 undefined on input line 52.
./complement.tex:53-576: natbib warning:
	Citation `matsuda2007btb' on page 3 undefined on input line 53.
./complement.tex:53-576: File: images/symmetric-minus.pdf Graphic file (type QTm)
./complement.tex:53-576:  <use  "images/symmetric-minus.pdf" >
./complement.tex:53-576: File: images/symmetric.pdf Graphic file (type QTm)
./complement.tex:53-576:  <use  "images/symmetric.pdf" >
./complement.tex:53-576: File: images/symmetric-edit.pdf Graphic file (type QTm)
./complement.tex:53-576: <use  "images/symmetric-edit.pdf" >
./complement.tex:53-576: File: images/symmetric-propagatex.pdf Graphic file (type QTm)
./complement.tex:53-576:  <use  "images/symmetric-propagatex.pdf" >
./complement.tex:53-576: File: images/symmetric-edit2.pdf Graphic file (type QTm)
./complement.tex:53-576: <use  "images/symmetric-edit2.pdf" >
./complement.tex:53-576: File: images/symmetric-propagate2.pdf Graphic file (type QTm)
./complement.tex:53-576:  <use  "images/symmetric-propagate2.pdf" >
./complement.tex:53-576: File: images/sums1.pdf Graphic file (type QTm)
./complement.tex:53-576:  <use  "images/sums1.pdf" >
./complement.tex:53-576: File: images/sums2.pdf Graphic file (type QTm)
./complement.tex:53-576:  <use  "images/sums2.pdf" >
./complement.tex:53-576: File: images/sums3.pdf Graphic file (type QTm)
./complement.tex:53-576: <use  "images/sums3.pdf" >
./complement.tex:53-576: File: images/sums4.pdf Graphic file (type QTm)
./complement.tex:53-576:  <use  "images/sums4.pdf" > [7] [8]
./complement.tex:576-576: natbib warning:
	Citation `Boomerang07' on page 9 undefined on input line 576.
./complement.tex:576-588: natbib warning:
	Citation `Matching10' on page 9 undefined on input line 576.
./complement.tex:588-792: natbib warning:
	Citation `Matching10' on page 9 undefined on input line 588.
./complement.tex:1592-1632: natbib warning:
	Citation `AbrTze09' on page 24 undefined on input line 1592.
./complement.tex:1883-1893: natbib warning:
	Citation `Focal2005-shortcite' on page 28 undefined on input line 1883.
./complement.tex:2909-2909: natbib warning:
	Citation `Focal2005-shortcite' on page 43 undefined on input line 2909.
./complement.tex:2909-2928: natbib warning:
	Citation `Boomerang07' on page 43 undefined on input line 2909.
./complement.tex:2987-3075: natbib warning:
	Citation `meijer1991functional' on page 44 undefined on input line 2987.
./complement.tex:3075-3157: natbib warning:
	Citation `vene2000categorical' on page 45 undefined on input line 3075.
./complement.tex:3393-3447: natbib warning:
	Citation `meijer1991functional' on page 49 undefined on input line 3393.
./complement.tex:3770-3771: natbib warning:
	Citation `abbott2003categories' on page 52 undefined on input line 3770.
./complement.tex:3771-3773: natbib warning:
	Citation `hasegawa2002two' on page 52 undefined on input line 3771.
./complement.tex:3773-3774: natbib warning:
	Citation `joyal1986foncteurs' on page 52 undefined on input line 3773.
./complement.tex:3774-3877: natbib warning:
	Citation `DBLP:conf/esop/JayC94' on page 52 undefined on input line 3774.
./complement.tex:4076-4075: natbib warning:
	Citation `Boomerang07' on page 56 undefined on input line 4076.
./delta.tex:?-91: File: images/ex1-init.pdf Graphic file (type QTm)
./delta.tex:?-91:  <use  "images/ex1-init.pdf" >
./delta.tex:?-91: File: images/ex1-1.pdf Graphic file (type QTm)
./delta.tex:?-91:  <use  "images/ex1-1.pdf" >
./delta.tex:?-91: File: images/ex1-2.pdf Graphic file (type QTm)
./delta.tex:?-91: <use  "images/ex1-2.pdf" >
./delta.tex:?-91: File: images/ex1-3.pdf Graphic file (type QTm)
./delta.tex:?-91:  <use  "images/ex1-3.pdf" >
./delta.tex:?-91: File: images/ex1-4.pdf Graphic file (type QTm)
./delta.tex:?-91: <use  "images/ex1-4.pdf" >
./delta.tex:?-91: File: images/ex1-5.pdf Graphic file (type QTm)
./delta.tex:?-91:  <use  "images/ex1-5.pdf" > [67
./delta.tex:?-91: ] [68]
./delta.tex:91-155: natbib warning:
	Citation `Matching10' on page 69 undefined on input line 91.
./delta.tex:155-155: natbib warning:
	Citation `HofmannPierceWagner10' on page 69 undefined on input line 155.
./delta.tex:155-155: natbib warning:
	Citation `Focal2005' on page 69 undefined on input line 155.
./delta.tex:155-203: natbib warning:
	Citation `Boomerang07' on page 69 undefined on input line 155.
./delta.tex:155-203: File: images/ex2-0.pdf Graphic file (type QTm)
./delta.tex:155-203: <use  "images/ex2-0.pdf" >
./delta.tex:155-203: File: images/ex2-1.pdf Graphic file (type QTm)
./delta.tex:155-203:  <use  "images/ex2-1.pdf" >
./delta.tex:155-203: File: images/ex2-2.pdf Graphic file (type QTm)
./delta.tex:155-203: <use  "images/ex2-2.pdf" >
./delta.tex:371-441: natbib warning:
	Citation `stevens2008tat' on page 72 undefined on input line 371.
./delta.tex:441-476: natbib warning:
	Citation `Focal2005' on page 73 undefined on input line 441.
./delta.tex:476-587: natbib warning:
	Citation `HofmannPierceWagner10' on page 73 undefined on input line 476.
./delta.tex:587-647: natbib warning:
	Citation `HofmannPierceWagner10' on page 75 undefined on input line 587.
./delta.tex:647-809: natbib warning:
	Citation `HofmannPierceWagner10' on page 75 undefined on input line 647.
./delta.tex:1434-1520: natbib warning:
	Citation `HofmannPierceWagner10' on page 87 undefined on input line 1434.
./delta.tex:1520-2154: natbib warning:
	Citation `HofmannPierceWagner10' on page 89 undefined on input line 1520.
./delta.tex:2490-2942: File: images/ex3-0.pdf Graphic file (type QTm)
./delta.tex:2490-2942: <use  "images/ex3-0.pdf" > [93] [94] [95] [96] [97] [98] [99]
./delta.tex:3380-3398: natbib warning:
	Citation `1195941' on page 109 undefined on input line 3380.
./delta.tex:3398-3408: natbib warning:
	Citation `HofmannPierceWagner10' on page 109 undefined on input line 3398.
./delta.tex:3408-3408: natbib warning:
	Citation `1195941' on page 109 undefined on input line 3408.
./delta.tex:3408-3414: natbib warning:
	Citation `HofmannPierceWagner10' on page 109 undefined on input line 3408.
./delta.tex:3414-3416: natbib warning:
	Citation `1195941' on page 109 undefined on input line 3414.
./delta.tex:3416-3605: natbib warning:
	Citation `HofmannPierceWagner10' on page 109 undefined on input line 3416.
./delta.tex:3757-3866: File: images/restruct1.pdf Graphic file (type QTm)
./delta.tex:3757-3866:  <use  "images/restruct1.pdf" >
./delta.tex:3867-4170: File: images/restruct2.pdf Graphic file (type QTm)
./delta.tex:3867-4170: <use  "images/restruct2.pdf" >
./delta.tex:3867-4170: File: images/restruct3.pdf Graphic file (type QTm)
./delta.tex:3867-4170:  <use  "images/restruct3.pdf" > [116] [117]
./delta.tex:4170-4430: natbib warning:
	Citation `HofmannPierceWagner10' on page 120 undefined on input line 4170.
./delta.tex:4430-4435: natbib warning:
	Citation `HofmannPierceWagner10' on page 124 undefined on input line 4430.
./delta.tex:4435-4514: natbib warning:
	Citation `HofmannPierceWagner10' on page 124 undefined on input line 4435.
./delta.tex:4606-4606: natbib warning:
	Citation `Diskin-Delta11' on page 127 undefined on input line 4606.
./delta.tex:4606-?: natbib warning:
	Citation `Johnson11' on page 127 undefined on input line 4606.
./hyper.tex:192-379: LaTeX warning:
	Reference `chap:background' on page 131 undefined on input line 192.
./tree.tex:128-227: natbib warning:
	Citation `Foster:FTL' on page 143 undefined on input line 128.
./tree.tex:227-227: natbib warning:
	Citation `Foster:FTL' on page 145 undefined on input line 227.
./tree.tex:227-417: natbib warning:
	Citation `DalzilioS:POPL04' on page 145 undefined on input line 227.
./tree.tex:417-436: natbib warning:
	Citation `DalzilioS:POPL04' on page 147 undefined on input line 417.
./tree.tex:436-561: natbib warning:
	Citation `DalzilioS:POPL04' on page 147 undefined on input line 436.
./tree.tex:561-701: natbib warning:
	Citation `Foster:FTL' on page 149 undefined on input line 561.
./tree.tex:701-753: natbib warning:
	Citation `DalzilioS:POPL04' on page 151 undefined on input line 701.
./tree.tex:753-800: natbib warning:
	Citation `HofmannPierceWagner12' on page 151 undefined on input line 753.
./tree.tex:800-?: natbib warning:
	Citation `HofmannPierceWagner12' on page 152 undefined on input line 800.
./skeleton_dissertation.tex:37-?: natbib warning:
	There were undefined citations.
./paper.aux:?-?: natbib warning:
	Citation(s) may have changed.
	Rerun to get citations correct.
./skeleton_dissertation.tex:37-?: LaTeX warning:
	There were undefined references.
?-?: Output written on paper.pdf (164 pages).
